Product: MDK-ARM Professional 5.10
Component: ARM Compiler 5.04 update 1 (build 49)
Tool: armlink [5040049]

==============================================================================

Section Cross References

    stm32f3xx_hal.o(i.HAL_DeInit) refers to stm32f3xx_hal.o(i.HAL_MspDeInit) for HAL_MspDeInit
    stm32f3xx_hal.o(i.HAL_Delay) refers to stm32f3xx_hal.o(i.HAL_GetTick) for HAL_GetTick
    stm32f3xx_hal.o(i.HAL_GetTick) refers to stm32f3xx_hal.o(.data) for .data
    stm32f3xx_hal.o(i.HAL_IncTick) refers to stm32f3xx_hal.o(.data) for .data
    stm32f3xx_hal.o(i.HAL_Init) refers to stm32f3xx_hal_cortex.o(i.HAL_NVIC_SetPriorityGrouping) for HAL_NVIC_SetPriorityGrouping
    stm32f3xx_hal.o(i.HAL_Init) refers to stm32f3xx_hal.o(i.HAL_InitTick) for HAL_InitTick
    stm32f3xx_hal.o(i.HAL_Init) refers to stm32f3xx_hal.o(i.HAL_MspInit) for HAL_MspInit
    stm32f3xx_hal.o(i.HAL_InitTick) refers to stm32f3xx_hal_rcc.o(i.HAL_RCC_GetHCLKFreq) for HAL_RCC_GetHCLKFreq
    stm32f3xx_hal.o(i.HAL_InitTick) refers to stm32f3xx_hal_cortex.o(i.HAL_SYSTICK_Config) for HAL_SYSTICK_Config
    stm32f3xx_hal.o(i.HAL_InitTick) refers to stm32f3xx_hal_cortex.o(i.HAL_NVIC_SetPriority) for HAL_NVIC_SetPriority
    stm32f3xx_hal_cortex.o(i.HAL_NVIC_SetPriority) refers to stm32f3xx_hal_cortex.o(i.NVIC_SetPriority) for NVIC_SetPriority
    stm32f3xx_hal_cortex.o(i.HAL_SYSTICK_Config) refers to stm32f3xx_hal_cortex.o(i.NVIC_SetPriority) for NVIC_SetPriority
    stm32f3xx_hal_cortex.o(i.HAL_SYSTICK_IRQHandler) refers to stm32f3xx_hal_cortex.o(i.HAL_SYSTICK_Callback) for HAL_SYSTICK_Callback
    stm32f3xx_hal_dma.o(i.HAL_DMA_Abort) refers to stm32f3xx_hal.o(i.HAL_GetTick) for HAL_GetTick
    stm32f3xx_hal_dma.o(i.HAL_DMA_PollForTransfer) refers to stm32f3xx_hal.o(i.HAL_GetTick) for HAL_GetTick
    stm32f3xx_hal_dma.o(i.HAL_DMA_Start) refers to stm32f3xx_hal_dma.o(i.DMA_SetConfig) for DMA_SetConfig
    stm32f3xx_hal_dma.o(i.HAL_DMA_Start_IT) refers to stm32f3xx_hal_dma.o(i.DMA_SetConfig) for DMA_SetConfig
    stm32f3xx_hal_gpio.o(i.HAL_GPIO_EXTI_IRQHandler) refers to stm32f3xx_hal_gpio.o(i.HAL_GPIO_EXTI_Callback) for HAL_GPIO_EXTI_Callback
    stm32f3xx_hal_rcc.o(i.HAL_RCC_ClockConfig) refers to stm32f3xx_hal.o(i.HAL_GetTick) for HAL_GetTick
    stm32f3xx_hal_rcc.o(i.HAL_RCC_ClockConfig) refers to stm32f3xx_hal.o(i.HAL_InitTick) for HAL_InitTick
    stm32f3xx_hal_rcc.o(i.HAL_RCC_GetHCLKFreq) refers to stm32f3xx_hal_rcc.o(i.HAL_RCC_GetSysClockFreq) for HAL_RCC_GetSysClockFreq
    stm32f3xx_hal_rcc.o(i.HAL_RCC_GetHCLKFreq) refers to stm32f3xx_hal_rcc.o(.constdata) for .constdata
    stm32f3xx_hal_rcc.o(i.HAL_RCC_GetHCLKFreq) refers to system_stm32f3xx.o(.data) for SystemCoreClock
    stm32f3xx_hal_rcc.o(i.HAL_RCC_GetPCLK1Freq) refers to stm32f3xx_hal_rcc.o(i.HAL_RCC_GetHCLKFreq) for HAL_RCC_GetHCLKFreq
    stm32f3xx_hal_rcc.o(i.HAL_RCC_GetPCLK1Freq) refers to stm32f3xx_hal_rcc.o(.constdata) for .constdata
    stm32f3xx_hal_rcc.o(i.HAL_RCC_GetPCLK2Freq) refers to stm32f3xx_hal_rcc.o(i.HAL_RCC_GetHCLKFreq) for HAL_RCC_GetHCLKFreq
    stm32f3xx_hal_rcc.o(i.HAL_RCC_GetPCLK2Freq) refers to stm32f3xx_hal_rcc.o(.constdata) for .constdata
    stm32f3xx_hal_rcc.o(i.HAL_RCC_GetSysClockFreq) refers to stm32f3xx_hal_rcc.o(.constdata) for .constdata
    stm32f3xx_hal_rcc.o(i.HAL_RCC_MCOConfig) refers to stm32f3xx_hal_gpio.o(i.HAL_GPIO_Init) for HAL_GPIO_Init
    stm32f3xx_hal_rcc.o(i.HAL_RCC_NMI_IRQHandler) refers to stm32f3xx_hal_rcc.o(i.HAL_RCC_CCSCallback) for HAL_RCC_CCSCallback
    stm32f3xx_hal_rcc.o(i.HAL_RCC_OscConfig) refers to stm32f3xx_hal.o(i.HAL_GetTick) for HAL_GetTick
    stm32f3xx_hal_spi.o(i.HAL_SPI_DMAError) refers to stm32f3xx_hal_spi.o(i.HAL_SPI_ErrorCallback) for HAL_SPI_ErrorCallback
    stm32f3xx_hal_spi.o(i.HAL_SPI_DMAReceiveCplt) refers to stm32f3xx_hal_spi.o(i.SPI_WaitFlagStateUntilTimeout) for SPI_WaitFlagStateUntilTimeout
    stm32f3xx_hal_spi.o(i.HAL_SPI_DMAReceiveCplt) refers to stm32f3xx_hal_spi.o(i.SPI_EndRxTransaction) for SPI_EndRxTransaction
    stm32f3xx_hal_spi.o(i.HAL_SPI_DMAReceiveCplt) refers to stm32f3xx_hal_spi.o(i.HAL_SPI_ErrorCallback) for HAL_SPI_ErrorCallback
    stm32f3xx_hal_spi.o(i.HAL_SPI_DMAReceiveCplt) refers to stm32f3xx_hal_spi.o(i.HAL_SPI_RxCpltCallback) for HAL_SPI_RxCpltCallback
    stm32f3xx_hal_spi.o(i.HAL_SPI_DMATransmitCplt) refers to stm32f3xx_hal_spi.o(i.SPI_EndRxTxTransaction) for SPI_EndRxTxTransaction
    stm32f3xx_hal_spi.o(i.HAL_SPI_DMATransmitCplt) refers to stm32f3xx_hal_spi.o(i.HAL_SPI_ErrorCallback) for HAL_SPI_ErrorCallback
    stm32f3xx_hal_spi.o(i.HAL_SPI_DMATransmitCplt) refers to stm32f3xx_hal_spi.o(i.HAL_SPI_TxCpltCallback) for HAL_SPI_TxCpltCallback
    stm32f3xx_hal_spi.o(i.HAL_SPI_DMATransmitReceiveCplt) refers to stm32f3xx_hal_spi.o(i.SPI_WaitFifoStateUntilTimeout) for SPI_WaitFifoStateUntilTimeout
    stm32f3xx_hal_spi.o(i.HAL_SPI_DMATransmitReceiveCplt) refers to stm32f3xx_hal_spi.o(i.SPI_EndRxTxTransaction) for SPI_EndRxTxTransaction
    stm32f3xx_hal_spi.o(i.HAL_SPI_DMATransmitReceiveCplt) refers to stm32f3xx_hal_spi.o(i.HAL_SPI_ErrorCallback) for HAL_SPI_ErrorCallback
    stm32f3xx_hal_spi.o(i.HAL_SPI_DMATransmitReceiveCplt) refers to stm32f3xx_hal_spi.o(i.HAL_SPI_TxRxCpltCallback) for HAL_SPI_TxRxCpltCallback
    stm32f3xx_hal_spi.o(i.HAL_SPI_DeInit) refers to stm32f3xx_hal_spi.o(i.HAL_SPI_MspDeInit) for HAL_SPI_MspDeInit
    stm32f3xx_hal_spi.o(i.HAL_SPI_IRQHandler) refers to stm32f3xx_hal_spi.o(i.HAL_SPI_ErrorCallback) for HAL_SPI_ErrorCallback
    stm32f3xx_hal_spi.o(i.HAL_SPI_Init) refers to stm32f3xx_hal_spi.o(i.HAL_SPI_MspInit) for HAL_SPI_MspInit
    stm32f3xx_hal_spi.o(i.HAL_SPI_Receive) refers to stm32f3xx_hal_spi.o(i.HAL_SPI_TransmitReceive) for HAL_SPI_TransmitReceive
    stm32f3xx_hal_spi.o(i.HAL_SPI_Receive) refers to stm32f3xx_hal_spi.o(i.SPI_WaitFlagStateUntilTimeout) for SPI_WaitFlagStateUntilTimeout
    stm32f3xx_hal_spi.o(i.HAL_SPI_Receive) refers to stm32f3xx_hal_spi.o(i.SPI_EndRxTransaction) for SPI_EndRxTransaction
    stm32f3xx_hal_spi.o(i.HAL_SPI_Receive_DMA) refers to stm32f3xx_hal_spi.o(i.HAL_SPI_TransmitReceive_DMA) for HAL_SPI_TransmitReceive_DMA
    stm32f3xx_hal_spi.o(i.HAL_SPI_Receive_DMA) refers to stm32f3xx_hal_dma.o(i.HAL_DMA_Start_IT) for HAL_DMA_Start_IT
    stm32f3xx_hal_spi.o(i.HAL_SPI_Receive_DMA) refers to stm32f3xx_hal_spi.o(i.HAL_SPI_DMAReceiveCplt) for HAL_SPI_DMAReceiveCplt
    stm32f3xx_hal_spi.o(i.HAL_SPI_Receive_DMA) refers to stm32f3xx_hal_spi.o(i.HAL_SPI_DMAError) for HAL_SPI_DMAError
    stm32f3xx_hal_spi.o(i.HAL_SPI_Receive_IT) refers to stm32f3xx_hal_spi.o(i.HAL_SPI_TransmitReceive_IT) for HAL_SPI_TransmitReceive_IT
    stm32f3xx_hal_spi.o(i.HAL_SPI_Receive_IT) refers to stm32f3xx_hal_spi.o(i.SPI_RxISR_16BIT) for SPI_RxISR_16BIT
    stm32f3xx_hal_spi.o(i.HAL_SPI_Receive_IT) refers to stm32f3xx_hal_spi.o(i.SPI_RxISR_8BIT) for SPI_RxISR_8BIT
    stm32f3xx_hal_spi.o(i.HAL_SPI_Transmit) refers to stm32f3xx_hal_spi.o(i.SPI_WaitFlagStateUntilTimeout) for SPI_WaitFlagStateUntilTimeout
    stm32f3xx_hal_spi.o(i.HAL_SPI_Transmit) refers to stm32f3xx_hal_spi.o(i.SPI_EndRxTxTransaction) for SPI_EndRxTxTransaction
    stm32f3xx_hal_spi.o(i.HAL_SPI_TransmitReceive) refers to stm32f3xx_hal.o(i.HAL_GetTick) for HAL_GetTick
    stm32f3xx_hal_spi.o(i.HAL_SPI_TransmitReceive) refers to stm32f3xx_hal_spi.o(i.SPI_WaitFlagStateUntilTimeout) for SPI_WaitFlagStateUntilTimeout
    stm32f3xx_hal_spi.o(i.HAL_SPI_TransmitReceive) refers to stm32f3xx_hal_spi.o(i.SPI_EndRxTxTransaction) for SPI_EndRxTxTransaction
    stm32f3xx_hal_spi.o(i.HAL_SPI_TransmitReceive_DMA) refers to stm32f3xx_hal_dma.o(i.HAL_DMA_Start_IT) for HAL_DMA_Start_IT
    stm32f3xx_hal_spi.o(i.HAL_SPI_TransmitReceive_DMA) refers to stm32f3xx_hal_spi.o(i.HAL_SPI_DMATransmitReceiveCplt) for HAL_SPI_DMATransmitReceiveCplt
    stm32f3xx_hal_spi.o(i.HAL_SPI_TransmitReceive_DMA) refers to stm32f3xx_hal_spi.o(i.HAL_SPI_DMAError) for HAL_SPI_DMAError
    stm32f3xx_hal_spi.o(i.HAL_SPI_TransmitReceive_DMA) refers to stm32f3xx_hal_spi.o(i.HAL_SPI_DMAReceiveCplt) for HAL_SPI_DMAReceiveCplt
    stm32f3xx_hal_spi.o(i.HAL_SPI_TransmitReceive_IT) refers to stm32f3xx_hal_spi.o(i.SPI_2linesRxISR_16BIT) for SPI_2linesRxISR_16BIT
    stm32f3xx_hal_spi.o(i.HAL_SPI_TransmitReceive_IT) refers to stm32f3xx_hal_spi.o(i.SPI_2linesTxISR_16BIT) for SPI_2linesTxISR_16BIT
    stm32f3xx_hal_spi.o(i.HAL_SPI_TransmitReceive_IT) refers to stm32f3xx_hal_spi.o(i.SPI_2linesRxISR_8BIT) for SPI_2linesRxISR_8BIT
    stm32f3xx_hal_spi.o(i.HAL_SPI_TransmitReceive_IT) refers to stm32f3xx_hal_spi.o(i.SPI_2linesTxISR_8BIT) for SPI_2linesTxISR_8BIT
    stm32f3xx_hal_spi.o(i.HAL_SPI_Transmit_DMA) refers to stm32f3xx_hal_dma.o(i.HAL_DMA_Start_IT) for HAL_DMA_Start_IT
    stm32f3xx_hal_spi.o(i.HAL_SPI_Transmit_DMA) refers to stm32f3xx_hal_spi.o(i.HAL_SPI_DMATransmitCplt) for HAL_SPI_DMATransmitCplt
    stm32f3xx_hal_spi.o(i.HAL_SPI_Transmit_DMA) refers to stm32f3xx_hal_spi.o(i.HAL_SPI_DMAError) for HAL_SPI_DMAError
    stm32f3xx_hal_spi.o(i.HAL_SPI_Transmit_IT) refers to stm32f3xx_hal_spi.o(i.SPI_TxISR_16BIT) for SPI_TxISR_16BIT
    stm32f3xx_hal_spi.o(i.HAL_SPI_Transmit_IT) refers to stm32f3xx_hal_spi.o(i.SPI_TxISR_8BIT) for SPI_TxISR_8BIT
    stm32f3xx_hal_spi.o(i.SPI_2linesRxISR_16BIT) refers to stm32f3xx_hal_spi.o(i.SPI_CloseRxTx_ISR) for SPI_CloseRxTx_ISR
    stm32f3xx_hal_spi.o(i.SPI_2linesRxISR_16BIT) refers to stm32f3xx_hal_spi.o(i.SPI_2linesRxISR_16BITCRC) for SPI_2linesRxISR_16BITCRC
    stm32f3xx_hal_spi.o(i.SPI_2linesRxISR_16BITCRC) refers to stm32f3xx_hal_spi.o(i.SPI_CloseRxTx_ISR) for SPI_CloseRxTx_ISR
    stm32f3xx_hal_spi.o(i.SPI_2linesRxISR_8BIT) refers to stm32f3xx_hal_spi.o(i.SPI_CloseRxTx_ISR) for SPI_CloseRxTx_ISR
    stm32f3xx_hal_spi.o(i.SPI_2linesRxISR_8BIT) refers to stm32f3xx_hal_spi.o(i.SPI_2linesRxISR_8BITCRC) for SPI_2linesRxISR_8BITCRC
    stm32f3xx_hal_spi.o(i.SPI_2linesRxISR_8BITCRC) refers to stm32f3xx_hal_spi.o(i.SPI_CloseRxTx_ISR) for SPI_CloseRxTx_ISR
    stm32f3xx_hal_spi.o(i.SPI_2linesTxISR_16BIT) refers to stm32f3xx_hal_spi.o(i.SPI_CloseRxTx_ISR) for SPI_CloseRxTx_ISR
    stm32f3xx_hal_spi.o(i.SPI_2linesTxISR_8BIT) refers to stm32f3xx_hal_spi.o(i.SPI_CloseRxTx_ISR) for SPI_CloseRxTx_ISR
    stm32f3xx_hal_spi.o(i.SPI_CloseRxTx_ISR) refers to stm32f3xx_hal_spi.o(i.SPI_EndRxTxTransaction) for SPI_EndRxTxTransaction
    stm32f3xx_hal_spi.o(i.SPI_CloseRxTx_ISR) refers to stm32f3xx_hal_spi.o(i.HAL_SPI_ErrorCallback) for HAL_SPI_ErrorCallback
    stm32f3xx_hal_spi.o(i.SPI_CloseRxTx_ISR) refers to stm32f3xx_hal_spi.o(i.HAL_SPI_TxRxCpltCallback) for HAL_SPI_TxRxCpltCallback
    stm32f3xx_hal_spi.o(i.SPI_CloseRx_ISR) refers to stm32f3xx_hal_spi.o(i.SPI_EndRxTransaction) for SPI_EndRxTransaction
    stm32f3xx_hal_spi.o(i.SPI_CloseRx_ISR) refers to stm32f3xx_hal_spi.o(i.HAL_SPI_ErrorCallback) for HAL_SPI_ErrorCallback
    stm32f3xx_hal_spi.o(i.SPI_CloseRx_ISR) refers to stm32f3xx_hal_spi.o(i.HAL_SPI_RxCpltCallback) for HAL_SPI_RxCpltCallback
    stm32f3xx_hal_spi.o(i.SPI_CloseTx_ISR) refers to stm32f3xx_hal_spi.o(i.SPI_EndRxTxTransaction) for SPI_EndRxTxTransaction
    stm32f3xx_hal_spi.o(i.SPI_CloseTx_ISR) refers to stm32f3xx_hal_spi.o(i.HAL_SPI_ErrorCallback) for HAL_SPI_ErrorCallback
    stm32f3xx_hal_spi.o(i.SPI_CloseTx_ISR) refers to stm32f3xx_hal_spi.o(i.HAL_SPI_TxCpltCallback) for HAL_SPI_TxCpltCallback
    stm32f3xx_hal_spi.o(i.SPI_EndRxTransaction) refers to stm32f3xx_hal_spi.o(i.SPI_WaitFlagStateUntilTimeout) for SPI_WaitFlagStateUntilTimeout
    stm32f3xx_hal_spi.o(i.SPI_EndRxTransaction) refers to stm32f3xx_hal_spi.o(i.SPI_WaitFifoStateUntilTimeout) for SPI_WaitFifoStateUntilTimeout
    stm32f3xx_hal_spi.o(i.SPI_EndRxTxTransaction) refers to stm32f3xx_hal_spi.o(i.SPI_WaitFifoStateUntilTimeout) for SPI_WaitFifoStateUntilTimeout
    stm32f3xx_hal_spi.o(i.SPI_EndRxTxTransaction) refers to stm32f3xx_hal_spi.o(i.SPI_WaitFlagStateUntilTimeout) for SPI_WaitFlagStateUntilTimeout
    stm32f3xx_hal_spi.o(i.SPI_RxISR_16BIT) refers to stm32f3xx_hal_spi.o(i.SPI_CloseRx_ISR) for SPI_CloseRx_ISR
    stm32f3xx_hal_spi.o(i.SPI_RxISR_16BIT) refers to stm32f3xx_hal_spi.o(i.SPI_RxISR_16BITCRC) for SPI_RxISR_16BITCRC
    stm32f3xx_hal_spi.o(i.SPI_RxISR_16BITCRC) refers to stm32f3xx_hal_spi.o(i.SPI_CloseRx_ISR) for SPI_CloseRx_ISR
    stm32f3xx_hal_spi.o(i.SPI_RxISR_8BIT) refers to stm32f3xx_hal_spi.o(i.SPI_CloseRx_ISR) for SPI_CloseRx_ISR
    stm32f3xx_hal_spi.o(i.SPI_RxISR_8BIT) refers to stm32f3xx_hal_spi.o(i.SPI_RxISR_8BITCRC) for SPI_RxISR_8BITCRC
    stm32f3xx_hal_spi.o(i.SPI_RxISR_8BITCRC) refers to stm32f3xx_hal_spi.o(i.SPI_CloseRx_ISR) for SPI_CloseRx_ISR
    stm32f3xx_hal_spi.o(i.SPI_TxISR_16BIT) refers to stm32f3xx_hal_spi.o(i.SPI_CloseTx_ISR) for SPI_CloseTx_ISR
    stm32f3xx_hal_spi.o(i.SPI_TxISR_8BIT) refers to stm32f3xx_hal_spi.o(i.SPI_CloseTx_ISR) for SPI_CloseTx_ISR
    stm32f3xx_hal_spi.o(i.SPI_WaitFifoStateUntilTimeout) refers to stm32f3xx_hal.o(i.HAL_GetTick) for HAL_GetTick
    stm32f3xx_hal_spi.o(i.SPI_WaitFlagStateUntilTimeout) refers to stm32f3xx_hal.o(i.HAL_GetTick) for HAL_GetTick
    stm32f3xx_hal_i2c.o(i.HAL_I2C_DeInit) refers to stm32f3xx_hal_i2c.o(i.HAL_I2C_MspDeInit) for HAL_I2C_MspDeInit
    stm32f3xx_hal_i2c.o(i.HAL_I2C_ER_IRQHandler) refers to stm32f3xx_hal_i2c.o(i.HAL_I2C_ErrorCallback) for HAL_I2C_ErrorCallback
    stm32f3xx_hal_i2c.o(i.HAL_I2C_EV_IRQHandler) refers to stm32f3xx_hal_i2c.o(i.I2C_SlaveTransmit_ISR) for I2C_SlaveTransmit_ISR
    stm32f3xx_hal_i2c.o(i.HAL_I2C_EV_IRQHandler) refers to stm32f3xx_hal_i2c.o(i.I2C_MasterTransmit_ISR) for I2C_MasterTransmit_ISR
    stm32f3xx_hal_i2c.o(i.HAL_I2C_EV_IRQHandler) refers to stm32f3xx_hal_i2c.o(i.I2C_SlaveReceive_ISR) for I2C_SlaveReceive_ISR
    stm32f3xx_hal_i2c.o(i.HAL_I2C_EV_IRQHandler) refers to stm32f3xx_hal_i2c.o(i.I2C_MasterReceive_ISR) for I2C_MasterReceive_ISR
    stm32f3xx_hal_i2c.o(i.HAL_I2C_Init) refers to stm32f3xx_hal_i2c.o(i.HAL_I2C_MspInit) for HAL_I2C_MspInit
    stm32f3xx_hal_i2c.o(i.HAL_I2C_IsDeviceReady) refers to stm32f3xx_hal.o(i.HAL_GetTick) for HAL_GetTick
    stm32f3xx_hal_i2c.o(i.HAL_I2C_IsDeviceReady) refers to stm32f3xx_hal_i2c.o(i.I2C_WaitOnFlagUntilTimeout) for I2C_WaitOnFlagUntilTimeout
    stm32f3xx_hal_i2c.o(i.HAL_I2C_Master_Receive) refers to stm32f3xx_hal_i2c.o(i.I2C_TransferConfig) for I2C_TransferConfig
    stm32f3xx_hal_i2c.o(i.HAL_I2C_Master_Receive) refers to stm32f3xx_hal_i2c.o(i.I2C_WaitOnFlagUntilTimeout) for I2C_WaitOnFlagUntilTimeout
    stm32f3xx_hal_i2c.o(i.HAL_I2C_Master_Receive) refers to stm32f3xx_hal_i2c.o(i.I2C_WaitOnSTOPFlagUntilTimeout) for I2C_WaitOnSTOPFlagUntilTimeout
    stm32f3xx_hal_i2c.o(i.HAL_I2C_Master_Receive_DMA) refers to stm32f3xx_hal_dma.o(i.HAL_DMA_Start_IT) for HAL_DMA_Start_IT
    stm32f3xx_hal_i2c.o(i.HAL_I2C_Master_Receive_DMA) refers to stm32f3xx_hal_i2c.o(i.I2C_TransferConfig) for I2C_TransferConfig
    stm32f3xx_hal_i2c.o(i.HAL_I2C_Master_Receive_DMA) refers to stm32f3xx_hal_i2c.o(i.I2C_WaitOnFlagUntilTimeout) for I2C_WaitOnFlagUntilTimeout
    stm32f3xx_hal_i2c.o(i.HAL_I2C_Master_Receive_DMA) refers to stm32f3xx_hal_i2c.o(i.I2C_DMAMasterReceiveCplt) for I2C_DMAMasterReceiveCplt
    stm32f3xx_hal_i2c.o(i.HAL_I2C_Master_Receive_DMA) refers to stm32f3xx_hal_i2c.o(i.I2C_DMAError) for I2C_DMAError
    stm32f3xx_hal_i2c.o(i.HAL_I2C_Master_Receive_IT) refers to stm32f3xx_hal_i2c.o(i.I2C_TransferConfig) for I2C_TransferConfig
    stm32f3xx_hal_i2c.o(i.HAL_I2C_Master_Transmit) refers to stm32f3xx_hal_i2c.o(i.I2C_TransferConfig) for I2C_TransferConfig
    stm32f3xx_hal_i2c.o(i.HAL_I2C_Master_Transmit) refers to stm32f3xx_hal_i2c.o(i.I2C_WaitOnTXISFlagUntilTimeout) for I2C_WaitOnTXISFlagUntilTimeout
    stm32f3xx_hal_i2c.o(i.HAL_I2C_Master_Transmit) refers to stm32f3xx_hal_i2c.o(i.I2C_WaitOnSTOPFlagUntilTimeout) for I2C_WaitOnSTOPFlagUntilTimeout
    stm32f3xx_hal_i2c.o(i.HAL_I2C_Master_Transmit) refers to stm32f3xx_hal_i2c.o(i.I2C_WaitOnFlagUntilTimeout) for I2C_WaitOnFlagUntilTimeout
    stm32f3xx_hal_i2c.o(i.HAL_I2C_Master_Transmit_DMA) refers to stm32f3xx_hal_dma.o(i.HAL_DMA_Start_IT) for HAL_DMA_Start_IT
    stm32f3xx_hal_i2c.o(i.HAL_I2C_Master_Transmit_DMA) refers to stm32f3xx_hal_i2c.o(i.I2C_TransferConfig) for I2C_TransferConfig
    stm32f3xx_hal_i2c.o(i.HAL_I2C_Master_Transmit_DMA) refers to stm32f3xx_hal_i2c.o(i.I2C_WaitOnTXISFlagUntilTimeout) for I2C_WaitOnTXISFlagUntilTimeout
    stm32f3xx_hal_i2c.o(i.HAL_I2C_Master_Transmit_DMA) refers to stm32f3xx_hal_i2c.o(i.I2C_DMAMasterTransmitCplt) for I2C_DMAMasterTransmitCplt
    stm32f3xx_hal_i2c.o(i.HAL_I2C_Master_Transmit_DMA) refers to stm32f3xx_hal_i2c.o(i.I2C_DMAError) for I2C_DMAError
    stm32f3xx_hal_i2c.o(i.HAL_I2C_Master_Transmit_IT) refers to stm32f3xx_hal_i2c.o(i.I2C_TransferConfig) for I2C_TransferConfig
    stm32f3xx_hal_i2c.o(i.HAL_I2C_Mem_Read) refers to stm32f3xx_hal_i2c.o(i.I2C_RequestMemoryRead) for I2C_RequestMemoryRead
    stm32f3xx_hal_i2c.o(i.HAL_I2C_Mem_Read) refers to stm32f3xx_hal_i2c.o(i.I2C_TransferConfig) for I2C_TransferConfig
    stm32f3xx_hal_i2c.o(i.HAL_I2C_Mem_Read) refers to stm32f3xx_hal_i2c.o(i.I2C_WaitOnFlagUntilTimeout) for I2C_WaitOnFlagUntilTimeout
    stm32f3xx_hal_i2c.o(i.HAL_I2C_Mem_Read) refers to stm32f3xx_hal_i2c.o(i.I2C_WaitOnSTOPFlagUntilTimeout) for I2C_WaitOnSTOPFlagUntilTimeout
    stm32f3xx_hal_i2c.o(i.HAL_I2C_Mem_Read_DMA) refers to stm32f3xx_hal_dma.o(i.HAL_DMA_Start_IT) for HAL_DMA_Start_IT
    stm32f3xx_hal_i2c.o(i.HAL_I2C_Mem_Read_DMA) refers to stm32f3xx_hal_i2c.o(i.I2C_RequestMemoryRead) for I2C_RequestMemoryRead
    stm32f3xx_hal_i2c.o(i.HAL_I2C_Mem_Read_DMA) refers to stm32f3xx_hal_i2c.o(i.I2C_TransferConfig) for I2C_TransferConfig
    stm32f3xx_hal_i2c.o(i.HAL_I2C_Mem_Read_DMA) refers to stm32f3xx_hal_i2c.o(i.I2C_WaitOnFlagUntilTimeout) for I2C_WaitOnFlagUntilTimeout
    stm32f3xx_hal_i2c.o(i.HAL_I2C_Mem_Read_DMA) refers to stm32f3xx_hal_i2c.o(i.I2C_DMAMemReceiveCplt) for I2C_DMAMemReceiveCplt
    stm32f3xx_hal_i2c.o(i.HAL_I2C_Mem_Read_DMA) refers to stm32f3xx_hal_i2c.o(i.I2C_DMAError) for I2C_DMAError
    stm32f3xx_hal_i2c.o(i.HAL_I2C_Mem_Read_IT) refers to stm32f3xx_hal_i2c.o(i.I2C_RequestMemoryRead) for I2C_RequestMemoryRead
    stm32f3xx_hal_i2c.o(i.HAL_I2C_Mem_Read_IT) refers to stm32f3xx_hal_i2c.o(i.I2C_TransferConfig) for I2C_TransferConfig
    stm32f3xx_hal_i2c.o(i.HAL_I2C_Mem_Write) refers to stm32f3xx_hal_i2c.o(i.I2C_RequestMemoryWrite) for I2C_RequestMemoryWrite
    stm32f3xx_hal_i2c.o(i.HAL_I2C_Mem_Write) refers to stm32f3xx_hal_i2c.o(i.I2C_TransferConfig) for I2C_TransferConfig
    stm32f3xx_hal_i2c.o(i.HAL_I2C_Mem_Write) refers to stm32f3xx_hal_i2c.o(i.I2C_WaitOnTXISFlagUntilTimeout) for I2C_WaitOnTXISFlagUntilTimeout
    stm32f3xx_hal_i2c.o(i.HAL_I2C_Mem_Write) refers to stm32f3xx_hal_i2c.o(i.I2C_WaitOnSTOPFlagUntilTimeout) for I2C_WaitOnSTOPFlagUntilTimeout
    stm32f3xx_hal_i2c.o(i.HAL_I2C_Mem_Write) refers to stm32f3xx_hal_i2c.o(i.I2C_WaitOnFlagUntilTimeout) for I2C_WaitOnFlagUntilTimeout
    stm32f3xx_hal_i2c.o(i.HAL_I2C_Mem_Write_DMA) refers to stm32f3xx_hal_dma.o(i.HAL_DMA_Start_IT) for HAL_DMA_Start_IT
    stm32f3xx_hal_i2c.o(i.HAL_I2C_Mem_Write_DMA) refers to stm32f3xx_hal_i2c.o(i.I2C_RequestMemoryWrite) for I2C_RequestMemoryWrite
    stm32f3xx_hal_i2c.o(i.HAL_I2C_Mem_Write_DMA) refers to stm32f3xx_hal_i2c.o(i.I2C_TransferConfig) for I2C_TransferConfig
    stm32f3xx_hal_i2c.o(i.HAL_I2C_Mem_Write_DMA) refers to stm32f3xx_hal_i2c.o(i.I2C_WaitOnTXISFlagUntilTimeout) for I2C_WaitOnTXISFlagUntilTimeout
    stm32f3xx_hal_i2c.o(i.HAL_I2C_Mem_Write_DMA) refers to stm32f3xx_hal_i2c.o(i.I2C_DMAMemTransmitCplt) for I2C_DMAMemTransmitCplt
    stm32f3xx_hal_i2c.o(i.HAL_I2C_Mem_Write_DMA) refers to stm32f3xx_hal_i2c.o(i.I2C_DMAError) for I2C_DMAError
    stm32f3xx_hal_i2c.o(i.HAL_I2C_Mem_Write_IT) refers to stm32f3xx_hal_i2c.o(i.I2C_RequestMemoryWrite) for I2C_RequestMemoryWrite
    stm32f3xx_hal_i2c.o(i.HAL_I2C_Mem_Write_IT) refers to stm32f3xx_hal_i2c.o(i.I2C_TransferConfig) for I2C_TransferConfig
    stm32f3xx_hal_i2c.o(i.HAL_I2C_Slave_Receive) refers to stm32f3xx_hal_i2c.o(i.I2C_WaitOnFlagUntilTimeout) for I2C_WaitOnFlagUntilTimeout
    stm32f3xx_hal_i2c.o(i.HAL_I2C_Slave_Receive) refers to stm32f3xx_hal_i2c.o(i.I2C_WaitOnRXNEFlagUntilTimeout) for I2C_WaitOnRXNEFlagUntilTimeout
    stm32f3xx_hal_i2c.o(i.HAL_I2C_Slave_Receive) refers to stm32f3xx_hal_i2c.o(i.I2C_WaitOnSTOPFlagUntilTimeout) for I2C_WaitOnSTOPFlagUntilTimeout
    stm32f3xx_hal_i2c.o(i.HAL_I2C_Slave_Receive_DMA) refers to stm32f3xx_hal_dma.o(i.HAL_DMA_Start_IT) for HAL_DMA_Start_IT
    stm32f3xx_hal_i2c.o(i.HAL_I2C_Slave_Receive_DMA) refers to stm32f3xx_hal_i2c.o(i.I2C_WaitOnFlagUntilTimeout) for I2C_WaitOnFlagUntilTimeout
    stm32f3xx_hal_i2c.o(i.HAL_I2C_Slave_Receive_DMA) refers to stm32f3xx_hal_i2c.o(i.I2C_DMASlaveReceiveCplt) for I2C_DMASlaveReceiveCplt
    stm32f3xx_hal_i2c.o(i.HAL_I2C_Slave_Receive_DMA) refers to stm32f3xx_hal_i2c.o(i.I2C_DMAError) for I2C_DMAError
    stm32f3xx_hal_i2c.o(i.HAL_I2C_Slave_Transmit) refers to stm32f3xx_hal_i2c.o(i.I2C_WaitOnFlagUntilTimeout) for I2C_WaitOnFlagUntilTimeout
    stm32f3xx_hal_i2c.o(i.HAL_I2C_Slave_Transmit) refers to stm32f3xx_hal_i2c.o(i.I2C_WaitOnTXISFlagUntilTimeout) for I2C_WaitOnTXISFlagUntilTimeout
    stm32f3xx_hal_i2c.o(i.HAL_I2C_Slave_Transmit) refers to stm32f3xx_hal_i2c.o(i.I2C_WaitOnSTOPFlagUntilTimeout) for I2C_WaitOnSTOPFlagUntilTimeout
    stm32f3xx_hal_i2c.o(i.HAL_I2C_Slave_Transmit_DMA) refers to stm32f3xx_hal_dma.o(i.HAL_DMA_Start_IT) for HAL_DMA_Start_IT
    stm32f3xx_hal_i2c.o(i.HAL_I2C_Slave_Transmit_DMA) refers to stm32f3xx_hal_i2c.o(i.I2C_WaitOnFlagUntilTimeout) for I2C_WaitOnFlagUntilTimeout
    stm32f3xx_hal_i2c.o(i.HAL_I2C_Slave_Transmit_DMA) refers to stm32f3xx_hal_i2c.o(i.I2C_DMASlaveTransmitCplt) for I2C_DMASlaveTransmitCplt
    stm32f3xx_hal_i2c.o(i.HAL_I2C_Slave_Transmit_DMA) refers to stm32f3xx_hal_i2c.o(i.I2C_DMAError) for I2C_DMAError
    stm32f3xx_hal_i2c.o(i.I2C_DMAError) refers to stm32f3xx_hal_i2c.o(i.HAL_I2C_ErrorCallback) for HAL_I2C_ErrorCallback
    stm32f3xx_hal_i2c.o(i.I2C_DMAMasterReceiveCplt) refers to stm32f3xx_hal_i2c.o(i.I2C_WaitOnFlagUntilTimeout) for I2C_WaitOnFlagUntilTimeout
    stm32f3xx_hal_i2c.o(i.I2C_DMAMasterReceiveCplt) refers to stm32f3xx_hal_dma.o(i.HAL_DMA_Start_IT) for HAL_DMA_Start_IT
    stm32f3xx_hal_i2c.o(i.I2C_DMAMasterReceiveCplt) refers to stm32f3xx_hal_i2c.o(i.I2C_TransferConfig) for I2C_TransferConfig
    stm32f3xx_hal_i2c.o(i.I2C_DMAMasterReceiveCplt) refers to stm32f3xx_hal_i2c.o(i.I2C_WaitOnSTOPFlagUntilTimeout) for I2C_WaitOnSTOPFlagUntilTimeout
    stm32f3xx_hal_i2c.o(i.I2C_DMAMasterReceiveCplt) refers to stm32f3xx_hal_i2c.o(i.HAL_I2C_ErrorCallback) for HAL_I2C_ErrorCallback
    stm32f3xx_hal_i2c.o(i.I2C_DMAMasterReceiveCplt) refers to stm32f3xx_hal_i2c.o(i.HAL_I2C_MasterRxCpltCallback) for HAL_I2C_MasterRxCpltCallback
    stm32f3xx_hal_i2c.o(i.I2C_DMAMasterTransmitCplt) refers to stm32f3xx_hal_i2c.o(i.I2C_WaitOnFlagUntilTimeout) for I2C_WaitOnFlagUntilTimeout
    stm32f3xx_hal_i2c.o(i.I2C_DMAMasterTransmitCplt) refers to stm32f3xx_hal_dma.o(i.HAL_DMA_Start_IT) for HAL_DMA_Start_IT
    stm32f3xx_hal_i2c.o(i.I2C_DMAMasterTransmitCplt) refers to stm32f3xx_hal_i2c.o(i.I2C_TransferConfig) for I2C_TransferConfig
    stm32f3xx_hal_i2c.o(i.I2C_DMAMasterTransmitCplt) refers to stm32f3xx_hal_i2c.o(i.I2C_WaitOnTXISFlagUntilTimeout) for I2C_WaitOnTXISFlagUntilTimeout
    stm32f3xx_hal_i2c.o(i.I2C_DMAMasterTransmitCplt) refers to stm32f3xx_hal_i2c.o(i.I2C_WaitOnSTOPFlagUntilTimeout) for I2C_WaitOnSTOPFlagUntilTimeout
    stm32f3xx_hal_i2c.o(i.I2C_DMAMasterTransmitCplt) refers to stm32f3xx_hal_i2c.o(i.HAL_I2C_ErrorCallback) for HAL_I2C_ErrorCallback
    stm32f3xx_hal_i2c.o(i.I2C_DMAMasterTransmitCplt) refers to stm32f3xx_hal_i2c.o(i.HAL_I2C_MasterTxCpltCallback) for HAL_I2C_MasterTxCpltCallback
    stm32f3xx_hal_i2c.o(i.I2C_DMAMemReceiveCplt) refers to stm32f3xx_hal_i2c.o(i.I2C_WaitOnFlagUntilTimeout) for I2C_WaitOnFlagUntilTimeout
    stm32f3xx_hal_i2c.o(i.I2C_DMAMemReceiveCplt) refers to stm32f3xx_hal_dma.o(i.HAL_DMA_Start_IT) for HAL_DMA_Start_IT
    stm32f3xx_hal_i2c.o(i.I2C_DMAMemReceiveCplt) refers to stm32f3xx_hal_i2c.o(i.I2C_TransferConfig) for I2C_TransferConfig
    stm32f3xx_hal_i2c.o(i.I2C_DMAMemReceiveCplt) refers to stm32f3xx_hal_i2c.o(i.I2C_WaitOnSTOPFlagUntilTimeout) for I2C_WaitOnSTOPFlagUntilTimeout
    stm32f3xx_hal_i2c.o(i.I2C_DMAMemReceiveCplt) refers to stm32f3xx_hal_i2c.o(i.HAL_I2C_ErrorCallback) for HAL_I2C_ErrorCallback
    stm32f3xx_hal_i2c.o(i.I2C_DMAMemReceiveCplt) refers to stm32f3xx_hal_i2c.o(i.HAL_I2C_MemRxCpltCallback) for HAL_I2C_MemRxCpltCallback
    stm32f3xx_hal_i2c.o(i.I2C_DMAMemTransmitCplt) refers to stm32f3xx_hal_i2c.o(i.I2C_WaitOnFlagUntilTimeout) for I2C_WaitOnFlagUntilTimeout
    stm32f3xx_hal_i2c.o(i.I2C_DMAMemTransmitCplt) refers to stm32f3xx_hal_dma.o(i.HAL_DMA_Start_IT) for HAL_DMA_Start_IT
    stm32f3xx_hal_i2c.o(i.I2C_DMAMemTransmitCplt) refers to stm32f3xx_hal_i2c.o(i.I2C_TransferConfig) for I2C_TransferConfig
    stm32f3xx_hal_i2c.o(i.I2C_DMAMemTransmitCplt) refers to stm32f3xx_hal_i2c.o(i.I2C_WaitOnTXISFlagUntilTimeout) for I2C_WaitOnTXISFlagUntilTimeout
    stm32f3xx_hal_i2c.o(i.I2C_DMAMemTransmitCplt) refers to stm32f3xx_hal_i2c.o(i.I2C_WaitOnSTOPFlagUntilTimeout) for I2C_WaitOnSTOPFlagUntilTimeout
    stm32f3xx_hal_i2c.o(i.I2C_DMAMemTransmitCplt) refers to stm32f3xx_hal_i2c.o(i.HAL_I2C_ErrorCallback) for HAL_I2C_ErrorCallback
    stm32f3xx_hal_i2c.o(i.I2C_DMAMemTransmitCplt) refers to stm32f3xx_hal_i2c.o(i.HAL_I2C_MemTxCpltCallback) for HAL_I2C_MemTxCpltCallback
    stm32f3xx_hal_i2c.o(i.I2C_DMASlaveReceiveCplt) refers to stm32f3xx_hal_i2c.o(i.I2C_WaitOnSTOPFlagUntilTimeout) for I2C_WaitOnSTOPFlagUntilTimeout
    stm32f3xx_hal_i2c.o(i.I2C_DMASlaveReceiveCplt) refers to stm32f3xx_hal_i2c.o(i.I2C_WaitOnFlagUntilTimeout) for I2C_WaitOnFlagUntilTimeout
    stm32f3xx_hal_i2c.o(i.I2C_DMASlaveReceiveCplt) refers to stm32f3xx_hal_i2c.o(i.HAL_I2C_ErrorCallback) for HAL_I2C_ErrorCallback
    stm32f3xx_hal_i2c.o(i.I2C_DMASlaveReceiveCplt) refers to stm32f3xx_hal_i2c.o(i.HAL_I2C_SlaveRxCpltCallback) for HAL_I2C_SlaveRxCpltCallback
    stm32f3xx_hal_i2c.o(i.I2C_DMASlaveTransmitCplt) refers to stm32f3xx_hal_i2c.o(i.I2C_WaitOnSTOPFlagUntilTimeout) for I2C_WaitOnSTOPFlagUntilTimeout
    stm32f3xx_hal_i2c.o(i.I2C_DMASlaveTransmitCplt) refers to stm32f3xx_hal_i2c.o(i.I2C_WaitOnFlagUntilTimeout) for I2C_WaitOnFlagUntilTimeout
    stm32f3xx_hal_i2c.o(i.I2C_DMASlaveTransmitCplt) refers to stm32f3xx_hal_i2c.o(i.HAL_I2C_ErrorCallback) for HAL_I2C_ErrorCallback
    stm32f3xx_hal_i2c.o(i.I2C_DMASlaveTransmitCplt) refers to stm32f3xx_hal_i2c.o(i.HAL_I2C_SlaveTxCpltCallback) for HAL_I2C_SlaveTxCpltCallback
    stm32f3xx_hal_i2c.o(i.I2C_IsAcknowledgeFailed) refers to stm32f3xx_hal.o(i.HAL_GetTick) for HAL_GetTick
    stm32f3xx_hal_i2c.o(i.I2C_MasterReceive_ISR) refers to stm32f3xx_hal_i2c.o(i.I2C_TransferConfig) for I2C_TransferConfig
    stm32f3xx_hal_i2c.o(i.I2C_MasterReceive_ISR) refers to stm32f3xx_hal_i2c.o(i.HAL_I2C_MasterRxCpltCallback) for HAL_I2C_MasterRxCpltCallback
    stm32f3xx_hal_i2c.o(i.I2C_MasterReceive_ISR) refers to stm32f3xx_hal_i2c.o(i.HAL_I2C_MemRxCpltCallback) for HAL_I2C_MemRxCpltCallback
    stm32f3xx_hal_i2c.o(i.I2C_MasterReceive_ISR) refers to stm32f3xx_hal_i2c.o(i.HAL_I2C_ErrorCallback) for HAL_I2C_ErrorCallback
    stm32f3xx_hal_i2c.o(i.I2C_MasterTransmit_ISR) refers to stm32f3xx_hal_i2c.o(i.I2C_TransferConfig) for I2C_TransferConfig
    stm32f3xx_hal_i2c.o(i.I2C_MasterTransmit_ISR) refers to stm32f3xx_hal_i2c.o(i.HAL_I2C_MasterTxCpltCallback) for HAL_I2C_MasterTxCpltCallback
    stm32f3xx_hal_i2c.o(i.I2C_MasterTransmit_ISR) refers to stm32f3xx_hal_i2c.o(i.HAL_I2C_MemTxCpltCallback) for HAL_I2C_MemTxCpltCallback
    stm32f3xx_hal_i2c.o(i.I2C_MasterTransmit_ISR) refers to stm32f3xx_hal_i2c.o(i.HAL_I2C_ErrorCallback) for HAL_I2C_ErrorCallback
    stm32f3xx_hal_i2c.o(i.I2C_RequestMemoryRead) refers to stm32f3xx_hal_i2c.o(i.I2C_TransferConfig) for I2C_TransferConfig
    stm32f3xx_hal_i2c.o(i.I2C_RequestMemoryRead) refers to stm32f3xx_hal_i2c.o(i.I2C_WaitOnTXISFlagUntilTimeout) for I2C_WaitOnTXISFlagUntilTimeout
    stm32f3xx_hal_i2c.o(i.I2C_RequestMemoryRead) refers to stm32f3xx_hal_i2c.o(i.I2C_WaitOnFlagUntilTimeout) for I2C_WaitOnFlagUntilTimeout
    stm32f3xx_hal_i2c.o(i.I2C_RequestMemoryWrite) refers to stm32f3xx_hal_i2c.o(i.I2C_TransferConfig) for I2C_TransferConfig
    stm32f3xx_hal_i2c.o(i.I2C_RequestMemoryWrite) refers to stm32f3xx_hal_i2c.o(i.I2C_WaitOnTXISFlagUntilTimeout) for I2C_WaitOnTXISFlagUntilTimeout
    stm32f3xx_hal_i2c.o(i.I2C_RequestMemoryWrite) refers to stm32f3xx_hal_i2c.o(i.I2C_WaitOnFlagUntilTimeout) for I2C_WaitOnFlagUntilTimeout
    stm32f3xx_hal_i2c.o(i.I2C_SlaveReceive_ISR) refers to stm32f3xx_hal_i2c.o(i.HAL_I2C_ErrorCallback) for HAL_I2C_ErrorCallback
    stm32f3xx_hal_i2c.o(i.I2C_SlaveReceive_ISR) refers to stm32f3xx_hal_i2c.o(i.HAL_I2C_SlaveRxCpltCallback) for HAL_I2C_SlaveRxCpltCallback
    stm32f3xx_hal_i2c.o(i.I2C_SlaveTransmit_ISR) refers to stm32f3xx_hal_i2c.o(i.HAL_I2C_ErrorCallback) for HAL_I2C_ErrorCallback
    stm32f3xx_hal_i2c.o(i.I2C_SlaveTransmit_ISR) refers to stm32f3xx_hal_i2c.o(i.HAL_I2C_SlaveTxCpltCallback) for HAL_I2C_SlaveTxCpltCallback
    stm32f3xx_hal_i2c.o(i.I2C_WaitOnFlagUntilTimeout) refers to stm32f3xx_hal.o(i.HAL_GetTick) for HAL_GetTick
    stm32f3xx_hal_i2c.o(i.I2C_WaitOnRXNEFlagUntilTimeout) refers to stm32f3xx_hal.o(i.HAL_GetTick) for HAL_GetTick
    stm32f3xx_hal_i2c.o(i.I2C_WaitOnSTOPFlagUntilTimeout) refers to stm32f3xx_hal.o(i.HAL_GetTick) for HAL_GetTick
    stm32f3xx_hal_i2c.o(i.I2C_WaitOnSTOPFlagUntilTimeout) refers to stm32f3xx_hal_i2c.o(i.I2C_IsAcknowledgeFailed) for I2C_IsAcknowledgeFailed
    stm32f3xx_hal_i2c.o(i.I2C_WaitOnTXISFlagUntilTimeout) refers to stm32f3xx_hal.o(i.HAL_GetTick) for HAL_GetTick
    stm32f3xx_hal_i2c.o(i.I2C_WaitOnTXISFlagUntilTimeout) refers to stm32f3xx_hal_i2c.o(i.I2C_IsAcknowledgeFailed) for I2C_IsAcknowledgeFailed
    main.o(i._ZN4BUZZ11SetBuzzerOnEv) refers to main.o(.data) for .data
    main.o(i._ZN4BUZZ12SetBuzzerOffEv) refers to main.o(.data) for .data
    main.o(i._ZN4DOOR12GetDoorStateEv) refers to main.o(.data) for .data
    main.o(i._ZN5MOTOR10SetMotorOnEv) refers to main.o(.data) for .data
    main.o(i._ZN5MOTOR11SetMotorOffEv) refers to main.o(.data) for .data
    main.o(i._ZN5MOTOR17SetMotorClockwiseEv) refers to main.o(.data) for .data
    main.o(i._ZN5MOTOR21SetMotorAntiClockWiseEv) refers to main.o(.data) for .data
    main.o(i._ZN5TIMER8RunTimerEi) refers to stm32f3xx_hal.o(i.HAL_Delay) for HAL_Delay
    main.o(i._ZN7BUTTONS10ResetLatchEv) refers to main.o(.data) for .data
    main.o(i._ZN7BUTTONS14GetSelectStateEv) refers to main.o(.data) for .data
    main.o(i._ZN7BUTTONS20GetAcceptButtonStateEv) refers to main.o(.data) for .data
    main.o(i._ZN7BUTTONS20GetCancelButtonStateEv) refers to main.o(.data) for .data
    main.o(i._ZN7BUTTONS8SetLatchEv) refers to main.o(.data) for .data
    main.o(i._ZN8SEVENSEG15SetSevenSegmentEi) refers to main.o(.data) for .data
    main.o(i.main) refers to board_startup.o(i.board_startup) for board_startup
    main.o(i.main) refers to main.o(i._ZN7BUTTONS8SetLatchEv) for BUTTONS::SetLatch()
    main.o(i.main) refers to main.o(i._ZN7BUTTONS20GetAcceptButtonStateEv) for BUTTONS::GetAcceptButtonState()
    main.o(i.main) refers to main.o(i._ZN4BUZZ12SetBuzzerOffEv) for BUZZ::SetBuzzerOff()
    main.o(i.main) refers to main.o(i._ZN7BUTTONS14GetSelectStateEv) for BUTTONS::GetSelectState()
    main.o(i.main) refers to main.o(i._ZN8SEVENSEG15SetSevenSegmentEi) for SEVENSEG::SetSevenSegment(int)
    main.o(i.main) refers to main.o(i._ZN5TIMER8RunTimerEi) for TIMER::RunTimer(int)
    main.o(i.main) refers to main.o(i._ZN7BUTTONS10ResetLatchEv) for BUTTONS::ResetLatch()
    main.o(i.main) refers to main.o(i._ZN7BUTTONS20GetCancelButtonStateEv) for BUTTONS::GetCancelButtonState()
    main.o(i.main) refers to main.o(i._ZN4BUZZ11SetBuzzerOnEv) for BUZZ::SetBuzzerOn()
    main.o(i.main) refers to main.o(i._ZN4DOOR12GetDoorStateEv) for DOOR::GetDoorState()
    main.o(i.main) refers to main.o(i._ZN5MOTOR21SetMotorAntiClockWiseEv) for MOTOR::SetMotorAntiClockWise()
    main.o(i.main) refers to main.o(i._ZN5MOTOR10SetMotorOnEv) for MOTOR::SetMotorOn()
    main.o(i.main) refers to main.o(i._ZN5MOTOR17SetMotorClockwiseEv) for MOTOR::SetMotorClockwise()
    main.o(i.main) refers to main.o(i._ZN5MOTOR11SetMotorOffEv) for MOTOR::SetMotorOff()
    main.o(i.main) refers to main.o(.data) for .data
    main.o(.ARM.exidx) refers to main.o(i._ZN5MOTOR11SetMotorOffEv) for i._ZN5MOTOR11SetMotorOffEv
    main.o(.ARM.exidx) refers to main.o(i._ZN5TIMER8RunTimerEi) for i._ZN5TIMER8RunTimerEi
    main.o(.ARM.exidx) refers to main.o(i._ZN5MOTOR17SetMotorClockwiseEv) for i._ZN5MOTOR17SetMotorClockwiseEv
    main.o(.ARM.exidx) refers to main.o(i._ZN5MOTOR10SetMotorOnEv) for i._ZN5MOTOR10SetMotorOnEv
    main.o(.ARM.exidx) refers to main.o(i._ZN5MOTOR21SetMotorAntiClockWiseEv) for i._ZN5MOTOR21SetMotorAntiClockWiseEv
    main.o(.ARM.exidx) refers to main.o(i._ZN4DOOR12GetDoorStateEv) for i._ZN4DOOR12GetDoorStateEv
    main.o(.ARM.exidx) refers to main.o(i._ZN7BUTTONS8SetLatchEv) for i._ZN7BUTTONS8SetLatchEv
    main.o(.ARM.exidx) refers to main.o(i._ZN8SEVENSEG15SetSevenSegmentEi) for i._ZN8SEVENSEG15SetSevenSegmentEi
    main.o(.ARM.exidx) refers to main.o(i._ZN7BUTTONS10ResetLatchEv) for i._ZN7BUTTONS10ResetLatchEv
    main.o(.ARM.exidx) refers to main.o(i._ZN4BUZZ12SetBuzzerOffEv) for i._ZN4BUZZ12SetBuzzerOffEv
    main.o(.ARM.exidx) refers to main.o(i._ZN4BUZZ11SetBuzzerOnEv) for i._ZN4BUZZ11SetBuzzerOnEv
    main.o(.ARM.exidx) refers to main.o(i._ZN7BUTTONS20GetCancelButtonStateEv) for i._ZN7BUTTONS20GetCancelButtonStateEv
    main.o(.ARM.exidx) refers to main.o(i._ZN7BUTTONS14GetSelectStateEv) for i._ZN7BUTTONS14GetSelectStateEv
    main.o(.ARM.exidx) refers to main.o(i._ZN7BUTTONS20GetAcceptButtonStateEv) for i._ZN7BUTTONS20GetAcceptButtonStateEv
    main.o(.ARM.exidx) refers to main.o(i.main) for i.main
    stm32f3_discovery.o(i.BSP_LED_Init) refers to stm32f3xx_hal_gpio.o(i.HAL_GPIO_Init) for HAL_GPIO_Init
    stm32f3_discovery.o(i.BSP_LED_Init) refers to stm32f3xx_hal_gpio.o(i.HAL_GPIO_WritePin) for HAL_GPIO_WritePin
    stm32f3_discovery.o(i.BSP_LED_Init) refers to stm32f3_discovery.o(.constdata) for .constdata
    stm32f3_discovery.o(i.BSP_LED_Init) refers to stm32f3_discovery.o(.data) for .data
    stm32f3_discovery.o(i.BSP_LED_Off) refers to stm32f3xx_hal_gpio.o(i.HAL_GPIO_WritePin) for HAL_GPIO_WritePin
    stm32f3_discovery.o(i.BSP_LED_Off) refers to stm32f3_discovery.o(.constdata) for .constdata
    stm32f3_discovery.o(i.BSP_LED_Off) refers to stm32f3_discovery.o(.data) for .data
    stm32f3_discovery.o(i.BSP_LED_On) refers to stm32f3xx_hal_gpio.o(i.HAL_GPIO_WritePin) for HAL_GPIO_WritePin
    stm32f3_discovery.o(i.BSP_LED_On) refers to stm32f3_discovery.o(.constdata) for .constdata
    stm32f3_discovery.o(i.BSP_LED_On) refers to stm32f3_discovery.o(.data) for .data
    stm32f3_discovery.o(i.BSP_LED_Toggle) refers to stm32f3xx_hal_gpio.o(i.HAL_GPIO_TogglePin) for HAL_GPIO_TogglePin
    stm32f3_discovery.o(i.BSP_LED_Toggle) refers to stm32f3_discovery.o(.constdata) for .constdata
    stm32f3_discovery.o(i.BSP_LED_Toggle) refers to stm32f3_discovery.o(.data) for .data
    stm32f3_discovery.o(i.BSP_PB_GetState) refers to stm32f3xx_hal_gpio.o(i.HAL_GPIO_ReadPin) for HAL_GPIO_ReadPin
    stm32f3_discovery.o(i.BSP_PB_GetState) refers to stm32f3_discovery.o(.constdata) for .constdata
    stm32f3_discovery.o(i.BSP_PB_GetState) refers to stm32f3_discovery.o(.data) for .data
    stm32f3_discovery.o(i.BSP_PB_Init) refers to stm32f3xx_hal_gpio.o(i.HAL_GPIO_Init) for HAL_GPIO_Init
    stm32f3_discovery.o(i.BSP_PB_Init) refers to stm32f3xx_hal_cortex.o(i.HAL_NVIC_SetPriority) for HAL_NVIC_SetPriority
    stm32f3_discovery.o(i.BSP_PB_Init) refers to stm32f3xx_hal_cortex.o(i.HAL_NVIC_EnableIRQ) for HAL_NVIC_EnableIRQ
    stm32f3_discovery.o(i.BSP_PB_Init) refers to stm32f3_discovery.o(.constdata) for .constdata
    stm32f3_discovery.o(i.BSP_PB_Init) refers to stm32f3_discovery.o(.data) for .data
    stm32f3_discovery.o(i.COMPASSACCELERO_IO_ITConfig) refers to stm32f3xx_hal_gpio.o(i.HAL_GPIO_Init) for HAL_GPIO_Init
    stm32f3_discovery.o(i.COMPASSACCELERO_IO_ITConfig) refers to stm32f3xx_hal_cortex.o(i.HAL_NVIC_SetPriority) for HAL_NVIC_SetPriority
    stm32f3_discovery.o(i.COMPASSACCELERO_IO_ITConfig) refers to stm32f3xx_hal_cortex.o(i.HAL_NVIC_EnableIRQ) for HAL_NVIC_EnableIRQ
    stm32f3_discovery.o(i.COMPASSACCELERO_IO_Init) refers to stm32f3xx_hal_gpio.o(i.HAL_GPIO_Init) for HAL_GPIO_Init
    stm32f3_discovery.o(i.COMPASSACCELERO_IO_Init) refers to stm32f3xx_hal_cortex.o(i.HAL_NVIC_SetPriority) for HAL_NVIC_SetPriority
    stm32f3_discovery.o(i.COMPASSACCELERO_IO_Init) refers to stm32f3xx_hal_cortex.o(i.HAL_NVIC_EnableIRQ) for HAL_NVIC_EnableIRQ
    stm32f3_discovery.o(i.COMPASSACCELERO_IO_Init) refers to stm32f3_discovery.o(i.I2Cx_Init) for I2Cx_Init
    stm32f3_discovery.o(i.COMPASSACCELERO_IO_Read) refers to stm32f3xx_hal_i2c.o(i.HAL_I2C_Mem_Read) for HAL_I2C_Mem_Read
    stm32f3_discovery.o(i.COMPASSACCELERO_IO_Read) refers to stm32f3_discovery.o(i.I2Cx_Error) for I2Cx_Error
    stm32f3_discovery.o(i.COMPASSACCELERO_IO_Read) refers to stm32f3_discovery.o(.data) for .data
    stm32f3_discovery.o(i.COMPASSACCELERO_IO_Read) refers to stm32f3_discovery.o(.bss) for .bss
    stm32f3_discovery.o(i.COMPASSACCELERO_IO_Write) refers to stm32f3xx_hal_i2c.o(i.HAL_I2C_Mem_Write) for HAL_I2C_Mem_Write
    stm32f3_discovery.o(i.COMPASSACCELERO_IO_Write) refers to stm32f3_discovery.o(i.I2Cx_Error) for I2Cx_Error
    stm32f3_discovery.o(i.COMPASSACCELERO_IO_Write) refers to stm32f3_discovery.o(.data) for .data
    stm32f3_discovery.o(i.COMPASSACCELERO_IO_Write) refers to stm32f3_discovery.o(.bss) for .bss
    stm32f3_discovery.o(i.GYRO_IO_Init) refers to stm32f3xx_hal_gpio.o(i.HAL_GPIO_Init) for HAL_GPIO_Init
    stm32f3_discovery.o(i.GYRO_IO_Init) refers to stm32f3xx_hal_gpio.o(i.HAL_GPIO_WritePin) for HAL_GPIO_WritePin
    stm32f3_discovery.o(i.GYRO_IO_Init) refers to stm32f3_discovery.o(i.SPIx_Init) for SPIx_Init
    stm32f3_discovery.o(i.GYRO_IO_Read) refers to stm32f3xx_hal_gpio.o(i.HAL_GPIO_WritePin) for HAL_GPIO_WritePin
    stm32f3_discovery.o(i.GYRO_IO_Read) refers to stm32f3_discovery.o(i.SPIx_WriteRead) for SPIx_WriteRead
    stm32f3_discovery.o(i.GYRO_IO_Write) refers to stm32f3xx_hal_gpio.o(i.HAL_GPIO_WritePin) for HAL_GPIO_WritePin
    stm32f3_discovery.o(i.GYRO_IO_Write) refers to stm32f3_discovery.o(i.SPIx_WriteRead) for SPIx_WriteRead
    stm32f3_discovery.o(i.I2Cx_Error) refers to stm32f3xx_hal_i2c.o(i.HAL_I2C_DeInit) for HAL_I2C_DeInit
    stm32f3_discovery.o(i.I2Cx_Error) refers to stm32f3_discovery.o(i.I2Cx_Init) for I2Cx_Init
    stm32f3_discovery.o(i.I2Cx_Error) refers to stm32f3_discovery.o(.bss) for .bss
    stm32f3_discovery.o(i.I2Cx_Init) refers to stm32f3xx_hal_i2c.o(i.HAL_I2C_GetState) for HAL_I2C_GetState
    stm32f3_discovery.o(i.I2Cx_Init) refers to stm32f3xx_hal_gpio.o(i.HAL_GPIO_Init) for HAL_GPIO_Init
    stm32f3_discovery.o(i.I2Cx_Init) refers to stm32f3xx_hal_i2c.o(i.HAL_I2C_Init) for HAL_I2C_Init
    stm32f3_discovery.o(i.I2Cx_Init) refers to stm32f3_discovery.o(.bss) for .bss
    stm32f3_discovery.o(i.SPIx_Init) refers to stm32f3xx_hal_spi.o(i.HAL_SPI_GetState) for HAL_SPI_GetState
    stm32f3_discovery.o(i.SPIx_Init) refers to stm32f3xx_hal_gpio.o(i.HAL_GPIO_Init) for HAL_GPIO_Init
    stm32f3_discovery.o(i.SPIx_Init) refers to stm32f3xx_hal_spi.o(i.HAL_SPI_Init) for HAL_SPI_Init
    stm32f3_discovery.o(i.SPIx_Init) refers to stm32f3_discovery.o(.bss) for .bss
    stm32f3_discovery.o(i.SPIx_WriteRead) refers to stm32f3xx_hal_spi.o(i.HAL_SPI_TransmitReceive) for HAL_SPI_TransmitReceive
    stm32f3_discovery.o(i.SPIx_WriteRead) refers to stm32f3xx_hal_spi.o(i.HAL_SPI_DeInit) for HAL_SPI_DeInit
    stm32f3_discovery.o(i.SPIx_WriteRead) refers to stm32f3_discovery.o(i.SPIx_Init) for SPIx_Init
    stm32f3_discovery.o(i.SPIx_WriteRead) refers to stm32f3_discovery.o(.data) for .data
    stm32f3_discovery.o(i.SPIx_WriteRead) refers to stm32f3_discovery.o(.bss) for .bss
    stm32f3xx_it.o(i.EXTI0_IRQHandler) refers to stm32f3xx_hal_gpio.o(i.HAL_GPIO_EXTI_IRQHandler) for HAL_GPIO_EXTI_IRQHandler
    stm32f3xx_it.o(i.SysTick_Handler) refers to stm32f3xx_hal.o(i.HAL_IncTick) for HAL_IncTick
    system_stm32f3xx.o(i.SystemCoreClockUpdate) refers to system_stm32f3xx.o(.data) for .data
    startup_stm32f303xc.o(RESET) refers to startup_stm32f303xc.o(STACK) for __initial_sp
    startup_stm32f303xc.o(RESET) refers to startup_stm32f303xc.o(.text) for Reset_Handler
    startup_stm32f303xc.o(RESET) refers to stm32f3xx_it.o(i.NMI_Handler) for NMI_Handler
    startup_stm32f303xc.o(RESET) refers to stm32f3xx_it.o(i.HardFault_Handler) for HardFault_Handler
    startup_stm32f303xc.o(RESET) refers to stm32f3xx_it.o(i.MemManage_Handler) for MemManage_Handler
    startup_stm32f303xc.o(RESET) refers to stm32f3xx_it.o(i.BusFault_Handler) for BusFault_Handler
    startup_stm32f303xc.o(RESET) refers to stm32f3xx_it.o(i.UsageFault_Handler) for UsageFault_Handler
    startup_stm32f303xc.o(RESET) refers to stm32f3xx_it.o(i.SVC_Handler) for SVC_Handler
    startup_stm32f303xc.o(RESET) refers to stm32f3xx_it.o(i.DebugMon_Handler) for DebugMon_Handler
    startup_stm32f303xc.o(RESET) refers to stm32f3xx_it.o(i.PendSV_Handler) for PendSV_Handler
    startup_stm32f303xc.o(RESET) refers to stm32f3xx_it.o(i.SysTick_Handler) for SysTick_Handler
    startup_stm32f303xc.o(RESET) refers to stm32f3xx_it.o(i.EXTI0_IRQHandler) for EXTI0_IRQHandler
    startup_stm32f303xc.o(.text) refers to system_stm32f3xx.o(i.SystemInit) for SystemInit
    startup_stm32f303xc.o(.text) refers to entry.o(.ARM.Collect$$$$00000000) for __main
    board_startup.o(i.board_startup) refers to stm32f3xx_hal.o(i.HAL_Init) for HAL_Init
    board_startup.o(i.board_startup) refers to stm32f3xx_hal_rcc.o(i.HAL_RCC_OscConfig) for HAL_RCC_OscConfig
    board_startup.o(i.board_startup) refers to stm32f3xx_hal_rcc.o(i.HAL_RCC_ClockConfig) for HAL_RCC_ClockConfig
    entry.o(.ARM.Collect$$$$00000000) refers (Special) to entry10a.o(.ARM.Collect$$$$0000000D) for __rt_final_cpp
    entry.o(.ARM.Collect$$$$00000000) refers (Special) to entry11a.o(.ARM.Collect$$$$0000000F) for __rt_final_exit
    entry.o(.ARM.Collect$$$$00000000) refers (Special) to entry7b.o(.ARM.Collect$$$$00000008) for _main_clock
    entry.o(.ARM.Collect$$$$00000000) refers (Special) to entry8b.o(.ARM.Collect$$$$0000000A) for _main_cpp_init
    entry.o(.ARM.Collect$$$$00000000) refers (Special) to entry9a.o(.ARM.Collect$$$$0000000B) for _main_init
    entry.o(.ARM.Collect$$$$00000000) refers (Special) to entry5.o(.ARM.Collect$$$$00000004) for _main_scatterload
    entry.o(.ARM.Collect$$$$00000000) refers (Special) to entry2.o(.ARM.Collect$$$$00000001) for _main_stk
    entry2.o(.ARM.Collect$$$$00000001) refers to entry2.o(.ARM.Collect$$$$00002712) for __lit__00000000
    entry2.o(.ARM.Collect$$$$00002712) refers to startup_stm32f303xc.o(STACK) for __initial_sp
    entry2.o(__vectab_stack_and_reset_area) refers to startup_stm32f303xc.o(STACK) for __initial_sp
    entry2.o(__vectab_stack_and_reset_area) refers to entry.o(.ARM.Collect$$$$00000000) for __main
    entry5.o(.ARM.Collect$$$$00000004) refers to init.o(.text) for __scatterload
    entry9a.o(.ARM.Collect$$$$0000000B) refers to main.o(i.main) for main
    entry9b.o(.ARM.Collect$$$$0000000C) refers to main.o(i.main) for main
    init.o(.text) refers to entry5.o(.ARM.Collect$$$$00000004) for __main_after_scatterload


==============================================================================

Removing Unused input sections from the image.

    Removing stm32f3xx_hal.o(.rev16_text), (4 bytes).
    Removing stm32f3xx_hal.o(.revsh_text), (4 bytes).
    Removing stm32f3xx_hal.o(i.HAL_DeInit), (36 bytes).
    Removing stm32f3xx_hal.o(i.HAL_DisableDBGSleepMode), (16 bytes).
    Removing stm32f3xx_hal.o(i.HAL_DisableDBGStandbyMode), (16 bytes).
    Removing stm32f3xx_hal.o(i.HAL_DisableDBGStopMode), (16 bytes).
    Removing stm32f3xx_hal.o(i.HAL_EnableDBGSleepMode), (16 bytes).
    Removing stm32f3xx_hal.o(i.HAL_EnableDBGStandbyMode), (16 bytes).
    Removing stm32f3xx_hal.o(i.HAL_EnableDBGStopMode), (16 bytes).
    Removing stm32f3xx_hal.o(i.HAL_GetDEVID), (16 bytes).
    Removing stm32f3xx_hal.o(i.HAL_GetHalVersion), (6 bytes).
    Removing stm32f3xx_hal.o(i.HAL_GetREVID), (12 bytes).
    Removing stm32f3xx_hal.o(i.HAL_MspDeInit), (2 bytes).
    Removing stm32f3xx_hal.o(i.HAL_ResumeTick), (14 bytes).
    Removing stm32f3xx_hal.o(i.HAL_SuspendTick), (14 bytes).
    Removing stm32f3xx_hal_cortex.o(.rev16_text), (4 bytes).
    Removing stm32f3xx_hal_cortex.o(.revsh_text), (4 bytes).
    Removing stm32f3xx_hal_cortex.o(i.HAL_NVIC_ClearPendingIRQ), (22 bytes).
    Removing stm32f3xx_hal_cortex.o(i.HAL_NVIC_DisableIRQ), (22 bytes).
    Removing stm32f3xx_hal_cortex.o(i.HAL_NVIC_EnableIRQ), (22 bytes).
    Removing stm32f3xx_hal_cortex.o(i.HAL_NVIC_GetActive), (32 bytes).
    Removing stm32f3xx_hal_cortex.o(i.HAL_NVIC_GetPendingIRQ), (32 bytes).
    Removing stm32f3xx_hal_cortex.o(i.HAL_NVIC_GetPriority), (82 bytes).
    Removing stm32f3xx_hal_cortex.o(i.HAL_NVIC_GetPriorityGrouping), (16 bytes).
    Removing stm32f3xx_hal_cortex.o(i.HAL_NVIC_SetPendingIRQ), (22 bytes).
    Removing stm32f3xx_hal_cortex.o(i.HAL_NVIC_SystemReset), (32 bytes).
    Removing stm32f3xx_hal_cortex.o(i.HAL_SYSTICK_CLKSourceConfig), (24 bytes).
    Removing stm32f3xx_hal_cortex.o(i.HAL_SYSTICK_Callback), (2 bytes).
    Removing stm32f3xx_hal_cortex.o(i.HAL_SYSTICK_IRQHandler), (8 bytes).
    Removing stm32f3xx_hal_dma.o(.rev16_text), (4 bytes).
    Removing stm32f3xx_hal_dma.o(.revsh_text), (4 bytes).
    Removing stm32f3xx_hal_dma.o(i.DMA_SetConfig), (30 bytes).
    Removing stm32f3xx_hal_dma.o(i.HAL_DMA_Abort), (86 bytes).
    Removing stm32f3xx_hal_dma.o(i.HAL_DMA_DeInit), (680 bytes).
    Removing stm32f3xx_hal_dma.o(i.HAL_DMA_GetError), (4 bytes).
    Removing stm32f3xx_hal_dma.o(i.HAL_DMA_GetState), (6 bytes).
    Removing stm32f3xx_hal_dma.o(i.HAL_DMA_IRQHandler), (1208 bytes).
    Removing stm32f3xx_hal_dma.o(i.HAL_DMA_Init), (68 bytes).
    Removing stm32f3xx_hal_dma.o(i.HAL_DMA_PollForTransfer), (1140 bytes).
    Removing stm32f3xx_hal_dma.o(i.HAL_DMA_Start), (58 bytes).
    Removing stm32f3xx_hal_dma.o(i.HAL_DMA_Start_IT), (88 bytes).
    Removing stm32f3xx_hal_gpio.o(.rev16_text), (4 bytes).
    Removing stm32f3xx_hal_gpio.o(.revsh_text), (4 bytes).
    Removing stm32f3xx_hal_gpio.o(i.HAL_GPIO_DeInit), (160 bytes).
    Removing stm32f3xx_hal_gpio.o(i.HAL_GPIO_Init), (388 bytes).
    Removing stm32f3xx_hal_gpio.o(i.HAL_GPIO_LockPin), (34 bytes).
    Removing stm32f3xx_hal_gpio.o(i.HAL_GPIO_ReadPin), (10 bytes).
    Removing stm32f3xx_hal_gpio.o(i.HAL_GPIO_TogglePin), (8 bytes).
    Removing stm32f3xx_hal_gpio.o(i.HAL_GPIO_WritePin), (10 bytes).
    Removing stm32f3xx_hal_rcc.o(.rev16_text), (4 bytes).
    Removing stm32f3xx_hal_rcc.o(.revsh_text), (4 bytes).
    Removing stm32f3xx_hal_rcc.o(i.HAL_RCC_CCSCallback), (2 bytes).
    Removing stm32f3xx_hal_rcc.o(i.HAL_RCC_DeInit), (60 bytes).
    Removing stm32f3xx_hal_rcc.o(i.HAL_RCC_DisableCSS), (12 bytes).
    Removing stm32f3xx_hal_rcc.o(i.HAL_RCC_EnableCSS), (12 bytes).
    Removing stm32f3xx_hal_rcc.o(i.HAL_RCC_GetClockConfig), (64 bytes).
    Removing stm32f3xx_hal_rcc.o(i.HAL_RCC_GetOscConfig), (140 bytes).
    Removing stm32f3xx_hal_rcc.o(i.HAL_RCC_GetPCLK1Freq), (44 bytes).
    Removing stm32f3xx_hal_rcc.o(i.HAL_RCC_GetPCLK2Freq), (44 bytes).
    Removing stm32f3xx_hal_rcc.o(i.HAL_RCC_MCOConfig), (64 bytes).
    Removing stm32f3xx_hal_rcc.o(i.HAL_RCC_NMI_IRQHandler), (24 bytes).
    Removing stm32f3xx_hal_spi.o(.rev16_text), (4 bytes).
    Removing stm32f3xx_hal_spi.o(.revsh_text), (4 bytes).
    Removing stm32f3xx_hal_spi.o(i.HAL_SPI_DMAError), (36 bytes).
    Removing stm32f3xx_hal_spi.o(i.HAL_SPI_DMAReceiveCplt), (190 bytes).
    Removing stm32f3xx_hal_spi.o(i.HAL_SPI_DMATransmitCplt), (94 bytes).
    Removing stm32f3xx_hal_spi.o(i.HAL_SPI_DMATransmitReceiveCplt), (184 bytes).
    Removing stm32f3xx_hal_spi.o(i.HAL_SPI_DeInit), (48 bytes).
    Removing stm32f3xx_hal_spi.o(i.HAL_SPI_ErrorCallback), (2 bytes).
    Removing stm32f3xx_hal_spi.o(i.HAL_SPI_GetState), (6 bytes).
    Removing stm32f3xx_hal_spi.o(i.HAL_SPI_IRQHandler), (164 bytes).
    Removing stm32f3xx_hal_spi.o(i.HAL_SPI_Init), (180 bytes).
    Removing stm32f3xx_hal_spi.o(i.HAL_SPI_MspDeInit), (2 bytes).
    Removing stm32f3xx_hal_spi.o(i.HAL_SPI_MspInit), (2 bytes).
    Removing stm32f3xx_hal_spi.o(i.HAL_SPI_Receive), (530 bytes).
    Removing stm32f3xx_hal_spi.o(i.HAL_SPI_Receive_DMA), (276 bytes).
    Removing stm32f3xx_hal_spi.o(i.HAL_SPI_Receive_IT), (256 bytes).
    Removing stm32f3xx_hal_spi.o(i.HAL_SPI_RxCpltCallback), (2 bytes).
    Removing stm32f3xx_hal_spi.o(i.HAL_SPI_Transmit), (322 bytes).
    Removing stm32f3xx_hal_spi.o(i.HAL_SPI_TransmitReceive), (666 bytes).
    Removing stm32f3xx_hal_spi.o(i.HAL_SPI_TransmitReceive_DMA), (408 bytes).
    Removing stm32f3xx_hal_spi.o(i.HAL_SPI_TransmitReceive_IT), (256 bytes).
    Removing stm32f3xx_hal_spi.o(i.HAL_SPI_Transmit_DMA), (252 bytes).
    Removing stm32f3xx_hal_spi.o(i.HAL_SPI_Transmit_IT), (168 bytes).
    Removing stm32f3xx_hal_spi.o(i.HAL_SPI_TxCpltCallback), (2 bytes).
    Removing stm32f3xx_hal_spi.o(i.HAL_SPI_TxRxCpltCallback), (2 bytes).
    Removing stm32f3xx_hal_spi.o(i.SPI_2linesRxISR_16BIT), (68 bytes).
    Removing stm32f3xx_hal_spi.o(i.SPI_2linesRxISR_16BITCRC), (24 bytes).
    Removing stm32f3xx_hal_spi.o(i.SPI_2linesRxISR_8BIT), (116 bytes).
    Removing stm32f3xx_hal_spi.o(i.SPI_2linesRxISR_8BITCRC), (42 bytes).
    Removing stm32f3xx_hal_spi.o(i.SPI_2linesTxISR_16BIT), (68 bytes).
    Removing stm32f3xx_hal_spi.o(i.SPI_2linesTxISR_8BIT), (88 bytes).
    Removing stm32f3xx_hal_spi.o(i.SPI_CloseRxTx_ISR), (80 bytes).
    Removing stm32f3xx_hal_spi.o(i.SPI_CloseRx_ISR), (80 bytes).
    Removing stm32f3xx_hal_spi.o(i.SPI_CloseTx_ISR), (60 bytes).
    Removing stm32f3xx_hal_spi.o(i.SPI_EndRxTransaction), (84 bytes).
    Removing stm32f3xx_hal_spi.o(i.SPI_EndRxTxTransaction), (66 bytes).
    Removing stm32f3xx_hal_spi.o(i.SPI_RxISR_16BIT), (80 bytes).
    Removing stm32f3xx_hal_spi.o(i.SPI_RxISR_16BITCRC), (24 bytes).
    Removing stm32f3xx_hal_spi.o(i.SPI_RxISR_8BIT), (76 bytes).
    Removing stm32f3xx_hal_spi.o(i.SPI_RxISR_8BITCRC), (28 bytes).
    Removing stm32f3xx_hal_spi.o(i.SPI_TxISR_16BIT), (50 bytes).
    Removing stm32f3xx_hal_spi.o(i.SPI_TxISR_8BIT), (48 bytes).
    Removing stm32f3xx_hal_spi.o(i.SPI_WaitFifoStateUntilTimeout), (156 bytes).
    Removing stm32f3xx_hal_spi.o(i.SPI_WaitFlagStateUntilTimeout), (140 bytes).
    Removing stm32f3xx_hal_i2c.o(.rev16_text), (4 bytes).
    Removing stm32f3xx_hal_i2c.o(.revsh_text), (4 bytes).
    Removing stm32f3xx_hal_i2c.o(i.HAL_I2C_DeInit), (48 bytes).
    Removing stm32f3xx_hal_i2c.o(i.HAL_I2C_ER_IRQHandler), (130 bytes).
    Removing stm32f3xx_hal_i2c.o(i.HAL_I2C_EV_IRQHandler), (298 bytes).
    Removing stm32f3xx_hal_i2c.o(i.HAL_I2C_ErrorCallback), (2 bytes).
    Removing stm32f3xx_hal_i2c.o(i.HAL_I2C_GetError), (6 bytes).
    Removing stm32f3xx_hal_i2c.o(i.HAL_I2C_GetState), (6 bytes).
    Removing stm32f3xx_hal_i2c.o(i.HAL_I2C_Init), (168 bytes).
    Removing stm32f3xx_hal_i2c.o(i.HAL_I2C_IsDeviceReady), (292 bytes).
    Removing stm32f3xx_hal_i2c.o(i.HAL_I2C_MasterRxCpltCallback), (2 bytes).
    Removing stm32f3xx_hal_i2c.o(i.HAL_I2C_MasterTxCpltCallback), (2 bytes).
    Removing stm32f3xx_hal_i2c.o(i.HAL_I2C_Master_Receive), (244 bytes).
    Removing stm32f3xx_hal_i2c.o(i.HAL_I2C_Master_Receive_DMA), (188 bytes).
    Removing stm32f3xx_hal_i2c.o(i.HAL_I2C_Master_Receive_IT), (136 bytes).
    Removing stm32f3xx_hal_i2c.o(i.HAL_I2C_Master_Transmit), (244 bytes).
    Removing stm32f3xx_hal_i2c.o(i.HAL_I2C_Master_Transmit_DMA), (208 bytes).
    Removing stm32f3xx_hal_i2c.o(i.HAL_I2C_Master_Transmit_IT), (136 bytes).
    Removing stm32f3xx_hal_i2c.o(i.HAL_I2C_MemRxCpltCallback), (2 bytes).
    Removing stm32f3xx_hal_i2c.o(i.HAL_I2C_MemTxCpltCallback), (2 bytes).
    Removing stm32f3xx_hal_i2c.o(i.HAL_I2C_Mem_Read), (276 bytes).
    Removing stm32f3xx_hal_i2c.o(i.HAL_I2C_Mem_Read_DMA), (220 bytes).
    Removing stm32f3xx_hal_i2c.o(i.HAL_I2C_Mem_Read_IT), (164 bytes).
    Removing stm32f3xx_hal_i2c.o(i.HAL_I2C_Mem_Write), (272 bytes).
    Removing stm32f3xx_hal_i2c.o(i.HAL_I2C_Mem_Write_DMA), (232 bytes).
    Removing stm32f3xx_hal_i2c.o(i.HAL_I2C_Mem_Write_IT), (164 bytes).
    Removing stm32f3xx_hal_i2c.o(i.HAL_I2C_MspDeInit), (2 bytes).
    Removing stm32f3xx_hal_i2c.o(i.HAL_I2C_MspInit), (2 bytes).
    Removing stm32f3xx_hal_i2c.o(i.HAL_I2C_SlaveRxCpltCallback), (2 bytes).
    Removing stm32f3xx_hal_i2c.o(i.HAL_I2C_SlaveTxCpltCallback), (2 bytes).
    Removing stm32f3xx_hal_i2c.o(i.HAL_I2C_Slave_Receive), (240 bytes).
    Removing stm32f3xx_hal_i2c.o(i.HAL_I2C_Slave_Receive_DMA), (172 bytes).
    Removing stm32f3xx_hal_i2c.o(i.HAL_I2C_Slave_Receive_IT), (84 bytes).
    Removing stm32f3xx_hal_i2c.o(i.HAL_I2C_Slave_Transmit), (284 bytes).
    Removing stm32f3xx_hal_i2c.o(i.HAL_I2C_Slave_Transmit_DMA), (200 bytes).
    Removing stm32f3xx_hal_i2c.o(i.HAL_I2C_Slave_Transmit_IT), (84 bytes).
    Removing stm32f3xx_hal_i2c.o(i.I2C_DMAError), (42 bytes).
    Removing stm32f3xx_hal_i2c.o(i.I2C_DMAMasterReceiveCplt), (360 bytes).
    Removing stm32f3xx_hal_i2c.o(i.I2C_DMAMasterTransmitCplt), (336 bytes).
    Removing stm32f3xx_hal_i2c.o(i.I2C_DMAMemReceiveCplt), (360 bytes).
    Removing stm32f3xx_hal_i2c.o(i.I2C_DMAMemTransmitCplt), (336 bytes).
    Removing stm32f3xx_hal_i2c.o(i.I2C_DMASlaveReceiveCplt), (126 bytes).
    Removing stm32f3xx_hal_i2c.o(i.I2C_DMASlaveTransmitCplt), (114 bytes).
    Removing stm32f3xx_hal_i2c.o(i.I2C_IsAcknowledgeFailed), (156 bytes).
    Removing stm32f3xx_hal_i2c.o(i.I2C_MasterReceive_ISR), (272 bytes).
    Removing stm32f3xx_hal_i2c.o(i.I2C_MasterTransmit_ISR), (272 bytes).
    Removing stm32f3xx_hal_i2c.o(i.I2C_RequestMemoryRead), (100 bytes).
    Removing stm32f3xx_hal_i2c.o(i.I2C_RequestMemoryWrite), (100 bytes).
    Removing stm32f3xx_hal_i2c.o(i.I2C_SlaveReceive_ISR), (164 bytes).
    Removing stm32f3xx_hal_i2c.o(i.I2C_SlaveTransmit_ISR), (172 bytes).
    Removing stm32f3xx_hal_i2c.o(i.I2C_TransferConfig), (36 bytes).
    Removing stm32f3xx_hal_i2c.o(i.I2C_WaitOnFlagUntilTimeout), (106 bytes).
    Removing stm32f3xx_hal_i2c.o(i.I2C_WaitOnRXNEFlagUntilTimeout), (116 bytes).
    Removing stm32f3xx_hal_i2c.o(i.I2C_WaitOnSTOPFlagUntilTimeout), (78 bytes).
    Removing stm32f3xx_hal_i2c.o(i.I2C_WaitOnTXISFlagUntilTimeout), (82 bytes).
    Removing main.o(.rev16_text), (4 bytes).
    Removing main.o(.revsh_text), (4 bytes).
    Removing main.o(.ARM.exidx), (8 bytes).
    Removing main.o(.ARM.exidx), (8 bytes).
    Removing main.o(.ARM.exidx), (8 bytes).
    Removing main.o(.ARM.exidx), (8 bytes).
    Removing main.o(.ARM.exidx), (8 bytes).
    Removing main.o(.ARM.exidx), (8 bytes).
    Removing main.o(.ARM.exidx), (8 bytes).
    Removing main.o(.ARM.exidx), (8 bytes).
    Removing main.o(.ARM.exidx), (8 bytes).
    Removing main.o(.ARM.exidx), (8 bytes).
    Removing main.o(.ARM.exidx), (8 bytes).
    Removing main.o(.ARM.exidx), (8 bytes).
    Removing main.o(.ARM.exidx), (8 bytes).
    Removing main.o(.ARM.exidx), (8 bytes).
    Removing main.o(.ARM.exidx), (8 bytes).
    Removing main.o(.data), (4 bytes).
    Removing main.o(.data), (4 bytes).
    Removing main.o(.data), (4 bytes).
    Removing main.o(.data), (4 bytes).
    Removing stm32f3_discovery.o(.rev16_text), (4 bytes).
    Removing stm32f3_discovery.o(.revsh_text), (4 bytes).
    Removing stm32f3_discovery.o(i.BSP_GetVersion), (8 bytes).
    Removing stm32f3_discovery.o(i.BSP_LED_Init), (108 bytes).
    Removing stm32f3_discovery.o(i.BSP_LED_Off), (28 bytes).
    Removing stm32f3_discovery.o(i.BSP_LED_On), (28 bytes).
    Removing stm32f3_discovery.o(i.BSP_LED_Toggle), (24 bytes).
    Removing stm32f3_discovery.o(i.BSP_PB_GetState), (24 bytes).
    Removing stm32f3_discovery.o(i.BSP_PB_Init), (132 bytes).
    Removing stm32f3_discovery.o(i.COMPASSACCELERO_IO_ITConfig), (72 bytes).
    Removing stm32f3_discovery.o(i.COMPASSACCELERO_IO_Init), (96 bytes).
    Removing stm32f3_discovery.o(i.COMPASSACCELERO_IO_Read), (52 bytes).
    Removing stm32f3_discovery.o(i.COMPASSACCELERO_IO_Write), (48 bytes).
    Removing stm32f3_discovery.o(i.GYRO_IO_Init), (92 bytes).
    Removing stm32f3_discovery.o(i.GYRO_IO_Read), (80 bytes).
    Removing stm32f3_discovery.o(i.GYRO_IO_Write), (72 bytes).
    Removing stm32f3_discovery.o(i.I2Cx_Error), (20 bytes).
    Removing stm32f3_discovery.o(i.I2Cx_Init), (116 bytes).
    Removing stm32f3_discovery.o(i.SPIx_Init), (132 bytes).
    Removing stm32f3_discovery.o(i.SPIx_WriteRead), (56 bytes).
    Removing stm32f3_discovery.o(.bss), (152 bytes).
    Removing stm32f3_discovery.o(.constdata), (20 bytes).
    Removing stm32f3_discovery.o(.data), (44 bytes).
    Removing stm32f3xx_it.o(.rev16_text), (4 bytes).
    Removing stm32f3xx_it.o(.revsh_text), (4 bytes).
    Removing system_stm32f3xx.o(.rev16_text), (4 bytes).
    Removing system_stm32f3xx.o(.revsh_text), (4 bytes).
    Removing system_stm32f3xx.o(i.SystemCoreClockUpdate), (108 bytes).
    Removing startup_stm32f303xc.o(HEAP), (512 bytes).
    Removing board_startup.o(.rev16_text), (4 bytes).
    Removing board_startup.o(.revsh_text), (4 bytes).

212 unused section(s) (total 20480 bytes) removed from the image.

==============================================================================

Image Symbol Table

    Local Symbols

    Symbol Name                              Value     Ov Type        Size  Object(Section)

    ../clib/microlib/init/entry.s            0x00000000   Number         0  entry.o ABSOLUTE
    ../clib/microlib/init/entry.s            0x00000000   Number         0  entry2.o ABSOLUTE
    ../clib/microlib/init/entry.s            0x00000000   Number         0  entry5.o ABSOLUTE
    ../clib/microlib/init/entry.s            0x00000000   Number         0  entry7a.o ABSOLUTE
    ../clib/microlib/init/entry.s            0x00000000   Number         0  entry7b.o ABSOLUTE
    ../clib/microlib/init/entry.s            0x00000000   Number         0  entry8b.o ABSOLUTE
    ../clib/microlib/init/entry.s            0x00000000   Number         0  entry11b.o ABSOLUTE
    ../clib/microlib/init/entry.s            0x00000000   Number         0  entry11a.o ABSOLUTE
    ../clib/microlib/init/entry.s            0x00000000   Number         0  entry10b.o ABSOLUTE
    ../clib/microlib/init/entry.s            0x00000000   Number         0  entry9a.o ABSOLUTE
    ../clib/microlib/init/entry.s            0x00000000   Number         0  entry8a.o ABSOLUTE
    ../clib/microlib/init/entry.s            0x00000000   Number         0  entry10a.o ABSOLUTE
    ../clib/microlib/init/entry.s            0x00000000   Number         0  entry9b.o ABSOLUTE
    Drivers\BSP\STM32F3-Discovery\stm32f3_discovery.c 0x00000000   Number         0  stm32f3_discovery.o ABSOLUTE
    Drivers\STM32F3xx_HAL_Driver\Src\stm32f3xx_hal.c 0x00000000   Number         0  stm32f3xx_hal.o ABSOLUTE
    Drivers\STM32F3xx_HAL_Driver\Src\stm32f3xx_hal_cortex.c 0x00000000   Number         0  stm32f3xx_hal_cortex.o ABSOLUTE
    Drivers\STM32F3xx_HAL_Driver\Src\stm32f3xx_hal_dma.c 0x00000000   Number         0  stm32f3xx_hal_dma.o ABSOLUTE
    Drivers\STM32F3xx_HAL_Driver\Src\stm32f3xx_hal_gpio.c 0x00000000   Number         0  stm32f3xx_hal_gpio.o ABSOLUTE
    Drivers\STM32F3xx_HAL_Driver\Src\stm32f3xx_hal_i2c.c 0x00000000   Number         0  stm32f3xx_hal_i2c.o ABSOLUTE
    Drivers\STM32F3xx_HAL_Driver\Src\stm32f3xx_hal_rcc.c 0x00000000   Number         0  stm32f3xx_hal_rcc.o ABSOLUTE
    Drivers\STM32F3xx_HAL_Driver\Src\stm32f3xx_hal_spi.c 0x00000000   Number         0  stm32f3xx_hal_spi.o ABSOLUTE
    Drivers\\BSP\\STM32F3-Discovery\\stm32f3_discovery.c 0x00000000   Number         0  stm32f3_discovery.o ABSOLUTE
    Drivers\\STM32F3xx_HAL_Driver\\Src\\stm32f3xx_hal.c 0x00000000   Number         0  stm32f3xx_hal.o ABSOLUTE
    Drivers\\STM32F3xx_HAL_Driver\\Src\\stm32f3xx_hal_cortex.c 0x00000000   Number         0  stm32f3xx_hal_cortex.o ABSOLUTE
    Drivers\\STM32F3xx_HAL_Driver\\Src\\stm32f3xx_hal_dma.c 0x00000000   Number         0  stm32f3xx_hal_dma.o ABSOLUTE
    Drivers\\STM32F3xx_HAL_Driver\\Src\\stm32f3xx_hal_gpio.c 0x00000000   Number         0  stm32f3xx_hal_gpio.o ABSOLUTE
    Drivers\\STM32F3xx_HAL_Driver\\Src\\stm32f3xx_hal_i2c.c 0x00000000   Number         0  stm32f3xx_hal_i2c.o ABSOLUTE
    Drivers\\STM32F3xx_HAL_Driver\\Src\\stm32f3xx_hal_rcc.c 0x00000000   Number         0  stm32f3xx_hal_rcc.o ABSOLUTE
    Drivers\\STM32F3xx_HAL_Driver\\Src\\stm32f3xx_hal_spi.c 0x00000000   Number         0  stm32f3xx_hal_spi.o ABSOLUTE
    Src\\main.cpp                            0x00000000   Number         0  main.o ABSOLUTE
    Src\main.cpp                             0x00000000   Number         0  main.o ABSOLUTE
    StartUp\Src\board_startup.c              0x00000000   Number         0  board_startup.o ABSOLUTE
    StartUp\Src\startup_stm32f303xc.s        0x00000000   Number         0  startup_stm32f303xc.o ABSOLUTE
    StartUp\Src\stm32f3xx_it.c               0x00000000   Number         0  stm32f3xx_it.o ABSOLUTE
    StartUp\Src\system_stm32f3xx.c           0x00000000   Number         0  system_stm32f3xx.o ABSOLUTE
    StartUp\\Src\\board_startup.c            0x00000000   Number         0  board_startup.o ABSOLUTE
    StartUp\\Src\\stm32f3xx_it.c             0x00000000   Number         0  stm32f3xx_it.o ABSOLUTE
    StartUp\\Src\\system_stm32f3xx.c         0x00000000   Number         0  system_stm32f3xx.o ABSOLUTE
    dc.s                                     0x00000000   Number         0  dc.o ABSOLUTE
    handlers.s                               0x00000000   Number         0  handlers.o ABSOLUTE
    init.s                                   0x00000000   Number         0  init.o ABSOLUTE
    RESET                                    0x08000000   Section      392  startup_stm32f303xc.o(RESET)
    .ARM.Collect$$$$00000000                 0x08000188   Section        0  entry.o(.ARM.Collect$$$$00000000)
    .ARM.Collect$$$$00000001                 0x08000188   Section        4  entry2.o(.ARM.Collect$$$$00000001)
    .ARM.Collect$$$$00000004                 0x0800018c   Section        4  entry5.o(.ARM.Collect$$$$00000004)
    .ARM.Collect$$$$00000008                 0x08000190   Section        0  entry7b.o(.ARM.Collect$$$$00000008)
    .ARM.Collect$$$$0000000A                 0x08000190   Section        0  entry8b.o(.ARM.Collect$$$$0000000A)
    .ARM.Collect$$$$0000000B                 0x08000190   Section        8  entry9a.o(.ARM.Collect$$$$0000000B)
    .ARM.Collect$$$$0000000D                 0x08000198   Section        0  entry10a.o(.ARM.Collect$$$$0000000D)
    .ARM.Collect$$$$0000000F                 0x08000198   Section        0  entry11a.o(.ARM.Collect$$$$0000000F)
    .ARM.Collect$$$$00002712                 0x08000198   Section        4  entry2.o(.ARM.Collect$$$$00002712)
    __lit__00000000                          0x08000198   Data           4  entry2.o(.ARM.Collect$$$$00002712)
    .text                                    0x0800019c   Section       36  startup_stm32f303xc.o(.text)
    $v0                                      0x0800019c   Number         0  startup_stm32f303xc.o(.text)
    .text                                    0x080001c0   Section       36  init.o(.text)
    i.BusFault_Handler                       0x080001e4   Section        0  stm32f3xx_it.o(i.BusFault_Handler)
    i.DebugMon_Handler                       0x080001e6   Section        0  stm32f3xx_it.o(i.DebugMon_Handler)
    i.EXTI0_IRQHandler                       0x080001e8   Section        0  stm32f3xx_it.o(i.EXTI0_IRQHandler)
    i.HAL_Delay                              0x080001ee   Section        0  stm32f3xx_hal.o(i.HAL_Delay)
    i.HAL_GPIO_EXTI_Callback                 0x08000204   Section        0  stm32f3xx_hal_gpio.o(i.HAL_GPIO_EXTI_Callback)
    i.HAL_GPIO_EXTI_IRQHandler               0x08000208   Section        0  stm32f3xx_hal_gpio.o(i.HAL_GPIO_EXTI_IRQHandler)
    i.HAL_GetTick                            0x08000220   Section        0  stm32f3xx_hal.o(i.HAL_GetTick)
    i.HAL_IncTick                            0x0800022c   Section        0  stm32f3xx_hal.o(i.HAL_IncTick)
    i.HAL_Init                               0x0800023c   Section        0  stm32f3xx_hal.o(i.HAL_Init)
    i.HAL_InitTick                           0x08000260   Section        0  stm32f3xx_hal.o(i.HAL_InitTick)
    i.HAL_MspInit                            0x08000282   Section        0  stm32f3xx_hal.o(i.HAL_MspInit)
    i.HAL_NVIC_SetPriority                   0x08000284   Section        0  stm32f3xx_hal_cortex.o(i.HAL_NVIC_SetPriority)
    i.HAL_NVIC_SetPriorityGrouping           0x080002c4   Section        0  stm32f3xx_hal_cortex.o(i.HAL_NVIC_SetPriorityGrouping)
    i.HAL_RCC_ClockConfig                    0x080002e8   Section        0  stm32f3xx_hal_rcc.o(i.HAL_RCC_ClockConfig)
    i.HAL_RCC_GetHCLKFreq                    0x08000570   Section        0  stm32f3xx_hal_rcc.o(i.HAL_RCC_GetHCLKFreq)
    i.HAL_RCC_GetSysClockFreq                0x080005a4   Section        0  stm32f3xx_hal_rcc.o(i.HAL_RCC_GetSysClockFreq)
    i.HAL_RCC_OscConfig                      0x08000608   Section        0  stm32f3xx_hal_rcc.o(i.HAL_RCC_OscConfig)
    i.HAL_SYSTICK_Config                     0x08000b98   Section        0  stm32f3xx_hal_cortex.o(i.HAL_SYSTICK_Config)
    i.HardFault_Handler                      0x08000bc0   Section        0  stm32f3xx_it.o(i.HardFault_Handler)
    i.MemManage_Handler                      0x08000bc2   Section        0  stm32f3xx_it.o(i.MemManage_Handler)
    i.NMI_Handler                            0x08000bc4   Section        0  stm32f3xx_it.o(i.NMI_Handler)
    i.NVIC_SetPriority                       0x08000bc6   Section        0  stm32f3xx_hal_cortex.o(i.NVIC_SetPriority)
    NVIC_SetPriority                         0x08000bc7   Thumb Code    32  stm32f3xx_hal_cortex.o(i.NVIC_SetPriority)
    i.PendSV_Handler                         0x08000be6   Section        0  stm32f3xx_it.o(i.PendSV_Handler)
    i.SVC_Handler                            0x08000be8   Section        0  stm32f3xx_it.o(i.SVC_Handler)
    i.SysTick_Handler                        0x08000bea   Section        0  stm32f3xx_it.o(i.SysTick_Handler)
    i.SystemInit                             0x08000bf0   Section        0  system_stm32f3xx.o(i.SystemInit)
    i.UsageFault_Handler                     0x08000c58   Section        0  stm32f3xx_it.o(i.UsageFault_Handler)
    i._ZN4BUZZ11SetBuzzerOnEv                0x08000c5c   Section        0  main.o(i._ZN4BUZZ11SetBuzzerOnEv)
    i._ZN4BUZZ12SetBuzzerOffEv               0x08000c70   Section        0  main.o(i._ZN4BUZZ12SetBuzzerOffEv)
    i._ZN4DOOR12GetDoorStateEv               0x08000c84   Section        0  main.o(i._ZN4DOOR12GetDoorStateEv)
    i._ZN5MOTOR10SetMotorOnEv                0x08000c94   Section        0  main.o(i._ZN5MOTOR10SetMotorOnEv)
    i._ZN5MOTOR11SetMotorOffEv               0x08000ca8   Section        0  main.o(i._ZN5MOTOR11SetMotorOffEv)
    i._ZN5MOTOR17SetMotorClockwiseEv         0x08000cbc   Section        0  main.o(i._ZN5MOTOR17SetMotorClockwiseEv)
    i._ZN5MOTOR21SetMotorAntiClockWiseEv     0x08000cd0   Section        0  main.o(i._ZN5MOTOR21SetMotorAntiClockWiseEv)
    i._ZN5TIMER8RunTimerEi                   0x08000ce4   Section        0  main.o(i._ZN5TIMER8RunTimerEi)
    i._ZN7BUTTONS10ResetLatchEv              0x08000cf0   Section        0  main.o(i._ZN7BUTTONS10ResetLatchEv)
    i._ZN7BUTTONS14GetSelectStateEv          0x08000d04   Section        0  main.o(i._ZN7BUTTONS14GetSelectStateEv)
    i._ZN7BUTTONS20GetAcceptButtonStateEv    0x08000d2c   Section        0  main.o(i._ZN7BUTTONS20GetAcceptButtonStateEv)
    i._ZN7BUTTONS20GetCancelButtonStateEv    0x08000d40   Section        0  main.o(i._ZN7BUTTONS20GetCancelButtonStateEv)
    i._ZN7BUTTONS8SetLatchEv                 0x08000d54   Section        0  main.o(i._ZN7BUTTONS8SetLatchEv)
    i._ZN8SEVENSEG15SetSevenSegmentEi        0x08000d68   Section        0  main.o(i._ZN8SEVENSEG15SetSevenSegmentEi)
    i.__scatterload_copy                     0x08000dbc   Section       14  handlers.o(i.__scatterload_copy)
    i.__scatterload_null                     0x08000dca   Section        2  handlers.o(i.__scatterload_null)
    i.__scatterload_zeroinit                 0x08000dcc   Section       14  handlers.o(i.__scatterload_zeroinit)
    i.board_startup                          0x08000ddc   Section        0  board_startup.o(i.board_startup)
    i.main                                   0x08000e44   Section        0  main.o(i.main)
    .constdata                               0x08000f18   Section       48  stm32f3xx_hal_rcc.o(.constdata)
    .data                                    0x20000000   Section        4  stm32f3xx_hal.o(.data)
    uwTick                                   0x20000000   Data           4  stm32f3xx_hal.o(.data)
    .data                                    0x20000004   Section       76  main.o(.data)
    .data                                    0x20000050   Section       20  system_stm32f3xx.o(.data)
    STACK                                    0x20000068   Section     1024  startup_stm32f303xc.o(STACK)

    Global Symbols

    Symbol Name                              Value     Ov Type        Size  Object(Section)

    BuildAttributes$$THM_ISAv4$E$P$D$K$B$S$7EM$VFPi3$EXTD16$VFPS$VFMA$PE$A:L22UL41UL21$X:L11$S22US41US21$IEEE1$IW$USESV6$~STKCKD$USESV7$~SHL$OSPACE$EBA8$MICROLIB$REQ8$PRES8$EABIv2 0x00000000   Number         0  anon$$obj.o ABSOLUTE
    __ARM_use_no_argv                        0x00000000   Number         0  main.o ABSOLUTE
    __cpp_initialize__aeabi_                  - Undefined Weak Reference
    __cxa_finalize                            - Undefined Weak Reference
    __decompress                              - Undefined Weak Reference
    _clock_init                               - Undefined Weak Reference
    _microlib_exit                            - Undefined Weak Reference
    __Vectors_Size                           0x00000188   Number         0  startup_stm32f303xc.o ABSOLUTE
    __Vectors                                0x08000000   Data           4  startup_stm32f303xc.o(RESET)
    __Vectors_End                            0x08000188   Data           0  startup_stm32f303xc.o(RESET)
    __main                                   0x08000189   Thumb Code     0  entry.o(.ARM.Collect$$$$00000000)
    _main_stk                                0x08000189   Thumb Code     0  entry2.o(.ARM.Collect$$$$00000001)
    _main_scatterload                        0x0800018d   Thumb Code     0  entry5.o(.ARM.Collect$$$$00000004)
    __main_after_scatterload                 0x08000191   Thumb Code     0  entry5.o(.ARM.Collect$$$$00000004)
    _main_clock                              0x08000191   Thumb Code     0  entry7b.o(.ARM.Collect$$$$00000008)
    _main_cpp_init                           0x08000191   Thumb Code     0  entry8b.o(.ARM.Collect$$$$0000000A)
    _main_init                               0x08000191   Thumb Code     0  entry9a.o(.ARM.Collect$$$$0000000B)
    __rt_final_cpp                           0x08000199   Thumb Code     0  entry10a.o(.ARM.Collect$$$$0000000D)
    __rt_final_exit                          0x08000199   Thumb Code     0  entry11a.o(.ARM.Collect$$$$0000000F)
    Reset_Handler                            0x0800019d   Thumb Code     8  startup_stm32f303xc.o(.text)
    ADC1_2_IRQHandler                        0x080001b7   Thumb Code     0  startup_stm32f303xc.o(.text)
    ADC3_IRQHandler                          0x080001b7   Thumb Code     0  startup_stm32f303xc.o(.text)
    ADC4_IRQHandler                          0x080001b7   Thumb Code     0  startup_stm32f303xc.o(.text)
    CAN_RX1_IRQHandler                       0x080001b7   Thumb Code     0  startup_stm32f303xc.o(.text)
    CAN_SCE_IRQHandler                       0x080001b7   Thumb Code     0  startup_stm32f303xc.o(.text)
    COMP1_2_3_IRQHandler                     0x080001b7   Thumb Code     0  startup_stm32f303xc.o(.text)
    COMP4_5_6_IRQHandler                     0x080001b7   Thumb Code     0  startup_stm32f303xc.o(.text)
    COMP7_IRQHandler                         0x080001b7   Thumb Code     0  startup_stm32f303xc.o(.text)
    DMA1_Channel1_IRQHandler                 0x080001b7   Thumb Code     0  startup_stm32f303xc.o(.text)
    DMA1_Channel2_IRQHandler                 0x080001b7   Thumb Code     0  startup_stm32f303xc.o(.text)
    DMA1_Channel3_IRQHandler                 0x080001b7   Thumb Code     0  startup_stm32f303xc.o(.text)
    DMA1_Channel4_IRQHandler                 0x080001b7   Thumb Code     0  startup_stm32f303xc.o(.text)
    DMA1_Channel5_IRQHandler                 0x080001b7   Thumb Code     0  startup_stm32f303xc.o(.text)
    DMA1_Channel6_IRQHandler                 0x080001b7   Thumb Code     0  startup_stm32f303xc.o(.text)
    DMA1_Channel7_IRQHandler                 0x080001b7   Thumb Code     0  startup_stm32f303xc.o(.text)
    DMA2_Channel1_IRQHandler                 0x080001b7   Thumb Code     0  startup_stm32f303xc.o(.text)
    DMA2_Channel2_IRQHandler                 0x080001b7   Thumb Code     0  startup_stm32f303xc.o(.text)
    DMA2_Channel3_IRQHandler                 0x080001b7   Thumb Code     0  startup_stm32f303xc.o(.text)
    DMA2_Channel4_IRQHandler                 0x080001b7   Thumb Code     0  startup_stm32f303xc.o(.text)
    DMA2_Channel5_IRQHandler                 0x080001b7   Thumb Code     0  startup_stm32f303xc.o(.text)
    EXTI15_10_IRQHandler                     0x080001b7   Thumb Code     0  startup_stm32f303xc.o(.text)
    EXTI1_IRQHandler                         0x080001b7   Thumb Code     0  startup_stm32f303xc.o(.text)
    EXTI2_TSC_IRQHandler                     0x080001b7   Thumb Code     0  startup_stm32f303xc.o(.text)
    EXTI3_IRQHandler                         0x080001b7   Thumb Code     0  startup_stm32f303xc.o(.text)
    EXTI4_IRQHandler                         0x080001b7   Thumb Code     0  startup_stm32f303xc.o(.text)
    EXTI9_5_IRQHandler                       0x080001b7   Thumb Code     0  startup_stm32f303xc.o(.text)
    FLASH_IRQHandler                         0x080001b7   Thumb Code     0  startup_stm32f303xc.o(.text)
    FPU_IRQHandler                           0x080001b7   Thumb Code     0  startup_stm32f303xc.o(.text)
    I2C1_ER_IRQHandler                       0x080001b7   Thumb Code     0  startup_stm32f303xc.o(.text)
    I2C1_EV_IRQHandler                       0x080001b7   Thumb Code     0  startup_stm32f303xc.o(.text)
    I2C2_ER_IRQHandler                       0x080001b7   Thumb Code     0  startup_stm32f303xc.o(.text)
    I2C2_EV_IRQHandler                       0x080001b7   Thumb Code     0  startup_stm32f303xc.o(.text)
    PVD_IRQHandler                           0x080001b7   Thumb Code     0  startup_stm32f303xc.o(.text)
    RCC_IRQHandler                           0x080001b7   Thumb Code     0  startup_stm32f303xc.o(.text)
    RTC_Alarm_IRQHandler                     0x080001b7   Thumb Code     0  startup_stm32f303xc.o(.text)
    RTC_WKUP_IRQHandler                      0x080001b7   Thumb Code     0  startup_stm32f303xc.o(.text)
    SPI1_IRQHandler                          0x080001b7   Thumb Code     0  startup_stm32f303xc.o(.text)
    SPI2_IRQHandler                          0x080001b7   Thumb Code     0  startup_stm32f303xc.o(.text)
    SPI3_IRQHandler                          0x080001b7   Thumb Code     0  startup_stm32f303xc.o(.text)
    TAMP_STAMP_IRQHandler                    0x080001b7   Thumb Code     0  startup_stm32f303xc.o(.text)
    TIM1_BRK_TIM15_IRQHandler                0x080001b7   Thumb Code     0  startup_stm32f303xc.o(.text)
    TIM1_CC_IRQHandler                       0x080001b7   Thumb Code     0  startup_stm32f303xc.o(.text)
    TIM1_TRG_COM_TIM17_IRQHandler            0x080001b7   Thumb Code     0  startup_stm32f303xc.o(.text)
    TIM1_UP_TIM16_IRQHandler                 0x080001b7   Thumb Code     0  startup_stm32f303xc.o(.text)
    TIM2_IRQHandler                          0x080001b7   Thumb Code     0  startup_stm32f303xc.o(.text)
    TIM3_IRQHandler                          0x080001b7   Thumb Code     0  startup_stm32f303xc.o(.text)
    TIM4_IRQHandler                          0x080001b7   Thumb Code     0  startup_stm32f303xc.o(.text)
    TIM6_DAC_IRQHandler                      0x080001b7   Thumb Code     0  startup_stm32f303xc.o(.text)
    TIM7_IRQHandler                          0x080001b7   Thumb Code     0  startup_stm32f303xc.o(.text)
    TIM8_BRK_IRQHandler                      0x080001b7   Thumb Code     0  startup_stm32f303xc.o(.text)
    TIM8_CC_IRQHandler                       0x080001b7   Thumb Code     0  startup_stm32f303xc.o(.text)
    TIM8_TRG_COM_IRQHandler                  0x080001b7   Thumb Code     0  startup_stm32f303xc.o(.text)
    TIM8_UP_IRQHandler                       0x080001b7   Thumb Code     0  startup_stm32f303xc.o(.text)
    UART4_IRQHandler                         0x080001b7   Thumb Code     0  startup_stm32f303xc.o(.text)
    UART5_IRQHandler                         0x080001b7   Thumb Code     0  startup_stm32f303xc.o(.text)
    USART1_IRQHandler                        0x080001b7   Thumb Code     0  startup_stm32f303xc.o(.text)
    USART2_IRQHandler                        0x080001b7   Thumb Code     0  startup_stm32f303xc.o(.text)
    USART3_IRQHandler                        0x080001b7   Thumb Code     0  startup_stm32f303xc.o(.text)
    USBWakeUp_IRQHandler                     0x080001b7   Thumb Code     0  startup_stm32f303xc.o(.text)
    USBWakeUp_RMP_IRQHandler                 0x080001b7   Thumb Code     0  startup_stm32f303xc.o(.text)
    USB_HP_CAN_TX_IRQHandler                 0x080001b7   Thumb Code     0  startup_stm32f303xc.o(.text)
    USB_HP_IRQHandler                        0x080001b7   Thumb Code     0  startup_stm32f303xc.o(.text)
    USB_LP_CAN_RX0_IRQHandler                0x080001b7   Thumb Code     0  startup_stm32f303xc.o(.text)
    USB_LP_IRQHandler                        0x080001b7   Thumb Code     0  startup_stm32f303xc.o(.text)
    WWDG_IRQHandler                          0x080001b7   Thumb Code     0  startup_stm32f303xc.o(.text)
    __scatterload                            0x080001c1   Thumb Code    28  init.o(.text)
    __scatterload_rt2                        0x080001c1   Thumb Code     0  init.o(.text)
    BusFault_Handler                         0x080001e5   Thumb Code     2  stm32f3xx_it.o(i.BusFault_Handler)
    DebugMon_Handler                         0x080001e7   Thumb Code     2  stm32f3xx_it.o(i.DebugMon_Handler)
    EXTI0_IRQHandler                         0x080001e9   Thumb Code     6  stm32f3xx_it.o(i.EXTI0_IRQHandler)
    HAL_Delay                                0x080001ef   Thumb Code    22  stm32f3xx_hal.o(i.HAL_Delay)
    HAL_GPIO_EXTI_Callback                   0x08000205   Thumb Code     2  stm32f3xx_hal_gpio.o(i.HAL_GPIO_EXTI_Callback)
    HAL_GPIO_EXTI_IRQHandler                 0x08000209   Thumb Code    18  stm32f3xx_hal_gpio.o(i.HAL_GPIO_EXTI_IRQHandler)
    HAL_GetTick                              0x08000221   Thumb Code     6  stm32f3xx_hal.o(i.HAL_GetTick)
    HAL_IncTick                              0x0800022d   Thumb Code    10  stm32f3xx_hal.o(i.HAL_IncTick)
    HAL_Init                                 0x0800023d   Thumb Code    32  stm32f3xx_hal.o(i.HAL_Init)
    HAL_InitTick                             0x08000261   Thumb Code    34  stm32f3xx_hal.o(i.HAL_InitTick)
    HAL_MspInit                              0x08000283   Thumb Code     2  stm32f3xx_hal.o(i.HAL_MspInit)
    HAL_NVIC_SetPriority                     0x08000285   Thumb Code    60  stm32f3xx_hal_cortex.o(i.HAL_NVIC_SetPriority)
    HAL_NVIC_SetPriorityGrouping             0x080002c5   Thumb Code    26  stm32f3xx_hal_cortex.o(i.HAL_NVIC_SetPriorityGrouping)
    HAL_RCC_ClockConfig                      0x080002e9   Thumb Code   638  stm32f3xx_hal_rcc.o(i.HAL_RCC_ClockConfig)
    HAL_RCC_GetHCLKFreq                      0x08000571   Thumb Code    38  stm32f3xx_hal_rcc.o(i.HAL_RCC_GetHCLKFreq)
    HAL_RCC_GetSysClockFreq                  0x080005a5   Thumb Code    84  stm32f3xx_hal_rcc.o(i.HAL_RCC_GetSysClockFreq)
    HAL_RCC_OscConfig                        0x08000609   Thumb Code  1424  stm32f3xx_hal_rcc.o(i.HAL_RCC_OscConfig)
    HAL_SYSTICK_Config                       0x08000b99   Thumb Code    40  stm32f3xx_hal_cortex.o(i.HAL_SYSTICK_Config)
    HardFault_Handler                        0x08000bc1   Thumb Code     2  stm32f3xx_it.o(i.HardFault_Handler)
    MemManage_Handler                        0x08000bc3   Thumb Code     2  stm32f3xx_it.o(i.MemManage_Handler)
    NMI_Handler                              0x08000bc5   Thumb Code     2  stm32f3xx_it.o(i.NMI_Handler)
    PendSV_Handler                           0x08000be7   Thumb Code     2  stm32f3xx_it.o(i.PendSV_Handler)
    SVC_Handler                              0x08000be9   Thumb Code     2  stm32f3xx_it.o(i.SVC_Handler)
    SysTick_Handler                          0x08000beb   Thumb Code     4  stm32f3xx_it.o(i.SysTick_Handler)
    SystemInit                               0x08000bf1   Thumb Code    82  system_stm32f3xx.o(i.SystemInit)
    UsageFault_Handler                       0x08000c59   Thumb Code     2  stm32f3xx_it.o(i.UsageFault_Handler)
    BUZZ::SetBuzzerOn()                      0x08000c5d   Thumb Code    14  main.o(i._ZN4BUZZ11SetBuzzerOnEv)
    BUZZ::SetBuzzerOff()                     0x08000c71   Thumb Code    14  main.o(i._ZN4BUZZ12SetBuzzerOffEv)
    DOOR::GetDoorState()                     0x08000c85   Thumb Code    12  main.o(i._ZN4DOOR12GetDoorStateEv)
    MOTOR::SetMotorOn()                      0x08000c95   Thumb Code    14  main.o(i._ZN5MOTOR10SetMotorOnEv)
    MOTOR::SetMotorOff()                     0x08000ca9   Thumb Code    14  main.o(i._ZN5MOTOR11SetMotorOffEv)
    MOTOR::SetMotorClockwise()               0x08000cbd   Thumb Code    14  main.o(i._ZN5MOTOR17SetMotorClockwiseEv)
    MOTOR::SetMotorAntiClockWise()           0x08000cd1   Thumb Code    14  main.o(i._ZN5MOTOR21SetMotorAntiClockWiseEv)
    TIMER::RunTimer(int)                     0x08000ce5   Thumb Code    12  main.o(i._ZN5TIMER8RunTimerEi)
    BUTTONS::ResetLatch()                    0x08000cf1   Thumb Code    14  main.o(i._ZN7BUTTONS10ResetLatchEv)
    BUTTONS::GetSelectState()                0x08000d05   Thumb Code    36  main.o(i._ZN7BUTTONS14GetSelectStateEv)
    BUTTONS::GetAcceptButtonState()          0x08000d2d   Thumb Code    16  main.o(i._ZN7BUTTONS20GetAcceptButtonStateEv)
    BUTTONS::GetCancelButtonState()          0x08000d41   Thumb Code    16  main.o(i._ZN7BUTTONS20GetCancelButtonStateEv)
    BUTTONS::SetLatch()                      0x08000d55   Thumb Code    14  main.o(i._ZN7BUTTONS8SetLatchEv)
    SEVENSEG::SetSevenSegment(int)           0x08000d69   Thumb Code    78  main.o(i._ZN8SEVENSEG15SetSevenSegmentEi)
    __scatterload_copy                       0x08000dbd   Thumb Code    14  handlers.o(i.__scatterload_copy)
    __scatterload_null                       0x08000dcb   Thumb Code     2  handlers.o(i.__scatterload_null)
    __scatterload_zeroinit                   0x08000dcd   Thumb Code    14  handlers.o(i.__scatterload_zeroinit)
    board_startup                            0x08000ddd   Thumb Code   100  board_startup.o(i.board_startup)
    main                                     0x08000e45   Thumb Code   206  main.o(i.main)
    APBAHBPrescTable                         0x08000f18   Data          16  stm32f3xx_hal_rcc.o(.constdata)
    PLLMULFactorTable                        0x08000f28   Data          16  stm32f3xx_hal_rcc.o(.constdata)
    PredivFactorTable                        0x08000f38   Data          16  stm32f3xx_hal_rcc.o(.constdata)
    Region$$Table$$Base                      0x08000f48   Number         0  anon$$obj.o(Region$$Table)
    Region$$Table$$Limit                     0x08000f68   Number         0  anon$$obj.o(Region$$Table)
    GPIO_C_Mode_Addr                         0x20000004   Data           4  main.o(.data)
    GPIO_C_Speed_Addr                        0x20000008   Data           4  main.o(.data)
    GPIO_C_Pull_Addr                         0x2000000c   Data           4  main.o(.data)
    GPIO_C_Odr_Addr                          0x20000010   Data           4  main.o(.data)
    GPIO_D_Mode_Addr                         0x20000014   Data           4  main.o(.data)
    GPIO_D_Speed_Addr                        0x20000018   Data           4  main.o(.data)
    GPIO_D_Pull_Addr                         0x2000001c   Data           4  main.o(.data)
    GPIO_D_Odr_Addr                          0x20000020   Data           4  main.o(.data)
    GPIO_E_Mode_Addr                         0x20000024   Data           4  main.o(.data)
    GPIO_E_Pull_Addr                         0x20000028   Data           4  main.o(.data)
    GPIO_E_Idr_Addr                          0x2000002c   Data           4  main.o(.data)
    GPIO_C_Mode                              0x20000030   Data           4  main.o(.data)
    GPIO_C_Speed                             0x20000034   Data           4  main.o(.data)
    GPIO_C_Pull                              0x20000038   Data           4  main.o(.data)
    GPIO_D_Mode                              0x2000003c   Data           4  main.o(.data)
    GPIO_D_Speed                             0x20000040   Data           4  main.o(.data)
    GPIO_D_Pull                              0x20000044   Data           4  main.o(.data)
    GPIO_E_Mode                              0x20000048   Data           4  main.o(.data)
    GPIO_E_Pull                              0x2000004c   Data           4  main.o(.data)
    SystemCoreClock                          0x20000050   Data           4  system_stm32f3xx.o(.data)
    AHBPrescTable                            0x20000054   Data          16  system_stm32f3xx.o(.data)
    __initial_sp                             0x20000468   Data           0  startup_stm32f303xc.o(STACK)



==============================================================================

Memory Map of the image

  Image Entry point : 0x08000189

  Load Region LR_IROM1 (Base: 0x08000000, Size: 0x00000fcc, Max: 0x00040000, ABSOLUTE)

    Execution Region ER_IROM1 (Base: 0x08000000, Size: 0x00000f68, Max: 0x00040000, ABSOLUTE)

    Base Addr    Size         Type   Attr      Idx    E Section Name        Object

    0x08000000   0x00000188   Data   RO         1651    RESET               startup_stm32f303xc.o
    0x08000188   0x00000000   Code   RO         1679  * .ARM.Collect$$$$00000000  mc_w.l(entry.o)
    0x08000188   0x00000004   Code   RO         1682    .ARM.Collect$$$$00000001  mc_w.l(entry2.o)
    0x0800018c   0x00000004   Code   RO         1685    .ARM.Collect$$$$00000004  mc_w.l(entry5.o)
    0x08000190   0x00000000   Code   RO         1687    .ARM.Collect$$$$00000008  mc_w.l(entry7b.o)
    0x08000190   0x00000000   Code   RO         1689    .ARM.Collect$$$$0000000A  mc_w.l(entry8b.o)
    0x08000190   0x00000008   Code   RO         1690    .ARM.Collect$$$$0000000B  mc_w.l(entry9a.o)
    0x08000198   0x00000000   Code   RO         1692    .ARM.Collect$$$$0000000D  mc_w.l(entry10a.o)
    0x08000198   0x00000000   Code   RO         1694    .ARM.Collect$$$$0000000F  mc_w.l(entry11a.o)
    0x08000198   0x00000004   Code   RO         1683    .ARM.Collect$$$$00002712  mc_w.l(entry2.o)
    0x0800019c   0x00000024   Code   RO         1652    .text               startup_stm32f303xc.o
    0x080001c0   0x00000024   Code   RO         1696    .text               mc_w.l(init.o)
    0x080001e4   0x00000002   Code   RO         1539    i.BusFault_Handler  stm32f3xx_it.o
    0x080001e6   0x00000002   Code   RO         1540    i.DebugMon_Handler  stm32f3xx_it.o
    0x080001e8   0x00000006   Code   RO         1541    i.EXTI0_IRQHandler  stm32f3xx_it.o
    0x080001ee   0x00000016   Code   RO            4    i.HAL_Delay         stm32f3xx_hal.o
    0x08000204   0x00000002   Code   RO          445    i.HAL_GPIO_EXTI_Callback  stm32f3xx_hal_gpio.o
    0x08000206   0x00000002   PAD
    0x08000208   0x00000018   Code   RO          446    i.HAL_GPIO_EXTI_IRQHandler  stm32f3xx_hal_gpio.o
    0x08000220   0x0000000c   Code   RO           14    i.HAL_GetTick       stm32f3xx_hal.o
    0x0800022c   0x00000010   Code   RO           15    i.HAL_IncTick       stm32f3xx_hal.o
    0x0800023c   0x00000024   Code   RO           16    i.HAL_Init          stm32f3xx_hal.o
    0x08000260   0x00000022   Code   RO           17    i.HAL_InitTick      stm32f3xx_hal.o
    0x08000282   0x00000002   Code   RO           19    i.HAL_MspInit       stm32f3xx_hal.o
    0x08000284   0x00000040   Code   RO          266    i.HAL_NVIC_SetPriority  stm32f3xx_hal_cortex.o
    0x080002c4   0x00000024   Code   RO          267    i.HAL_NVIC_SetPriorityGrouping  stm32f3xx_hal_cortex.o
    0x080002e8   0x00000288   Code   RO          507    i.HAL_RCC_ClockConfig  stm32f3xx_hal_rcc.o
    0x08000570   0x00000034   Code   RO          512    i.HAL_RCC_GetHCLKFreq  stm32f3xx_hal_rcc.o
    0x080005a4   0x00000064   Code   RO          516    i.HAL_RCC_GetSysClockFreq  stm32f3xx_hal_rcc.o
    0x08000608   0x00000590   Code   RO          519    i.HAL_RCC_OscConfig  stm32f3xx_hal_rcc.o
    0x08000b98   0x00000028   Code   RO          271    i.HAL_SYSTICK_Config  stm32f3xx_hal_cortex.o
    0x08000bc0   0x00000002   Code   RO         1542    i.HardFault_Handler  stm32f3xx_it.o
    0x08000bc2   0x00000002   Code   RO         1543    i.MemManage_Handler  stm32f3xx_it.o
    0x08000bc4   0x00000002   Code   RO         1544    i.NMI_Handler       stm32f3xx_it.o
    0x08000bc6   0x00000020   Code   RO          273    i.NVIC_SetPriority  stm32f3xx_hal_cortex.o
    0x08000be6   0x00000002   Code   RO         1545    i.PendSV_Handler    stm32f3xx_it.o
    0x08000be8   0x00000002   Code   RO         1546    i.SVC_Handler       stm32f3xx_it.o
    0x08000bea   0x00000004   Code   RO         1547    i.SysTick_Handler   stm32f3xx_it.o
    0x08000bee   0x00000002   PAD
    0x08000bf0   0x00000068   Code   RO         1620    i.SystemInit        system_stm32f3xx.o
    0x08000c58   0x00000002   Code   RO         1548    i.UsageFault_Handler  stm32f3xx_it.o
    0x08000c5a   0x00000002   PAD
    0x08000c5c   0x00000014   Code   RO         1163    i._ZN4BUZZ11SetBuzzerOnEv  main.o
    0x08000c70   0x00000014   Code   RO         1164    i._ZN4BUZZ12SetBuzzerOffEv  main.o
    0x08000c84   0x00000010   Code   RO         1165    i._ZN4DOOR12GetDoorStateEv  main.o
    0x08000c94   0x00000014   Code   RO         1166    i._ZN5MOTOR10SetMotorOnEv  main.o
    0x08000ca8   0x00000014   Code   RO         1167    i._ZN5MOTOR11SetMotorOffEv  main.o
    0x08000cbc   0x00000014   Code   RO         1168    i._ZN5MOTOR17SetMotorClockwiseEv  main.o
    0x08000cd0   0x00000014   Code   RO         1169    i._ZN5MOTOR21SetMotorAntiClockWiseEv  main.o
    0x08000ce4   0x0000000c   Code   RO         1170    i._ZN5TIMER8RunTimerEi  main.o
    0x08000cf0   0x00000014   Code   RO         1171    i._ZN7BUTTONS10ResetLatchEv  main.o
    0x08000d04   0x00000028   Code   RO         1172    i._ZN7BUTTONS14GetSelectStateEv  main.o
    0x08000d2c   0x00000014   Code   RO         1173    i._ZN7BUTTONS20GetAcceptButtonStateEv  main.o
    0x08000d40   0x00000014   Code   RO         1174    i._ZN7BUTTONS20GetCancelButtonStateEv  main.o
    0x08000d54   0x00000014   Code   RO         1175    i._ZN7BUTTONS8SetLatchEv  main.o
    0x08000d68   0x00000054   Code   RO         1176    i._ZN8SEVENSEG15SetSevenSegmentEi  main.o
    0x08000dbc   0x0000000e   Code   RO         1700    i.__scatterload_copy  mc_w.l(handlers.o)
    0x08000dca   0x00000002   Code   RO         1701    i.__scatterload_null  mc_w.l(handlers.o)
    0x08000dcc   0x0000000e   Code   RO         1702    i.__scatterload_zeroinit  mc_w.l(handlers.o)
    0x08000dda   0x00000002   PAD
    0x08000ddc   0x00000068   Code   RO         1658    i.board_startup     board_startup.o
    0x08000e44   0x000000d4   Code   RO         1177    i.main              main.o
    0x08000f18   0x00000030   Data   RO          520    .constdata          stm32f3xx_hal_rcc.o
    0x08000f48   0x00000020   Data   RO         1698    Region$$Table       anon$$obj.o


    Execution Region RW_IRAM1 (Base: 0x20000000, Size: 0x00000468, Max: 0x0000c000, ABSOLUTE)

    Base Addr    Size         Type   Attr      Idx    E Section Name        Object

    0x20000000   0x00000004   Data   RW           22    .data               stm32f3xx_hal.o
    0x20000004   0x0000004c   Data   RW         1193    .data               main.o
    0x20000050   0x00000014   Data   RW         1621    .data               system_stm32f3xx.o
    0x20000064   0x00000004   PAD
    0x20000068   0x00000400   Zero   RW         1649    STACK               startup_stm32f303xc.o


==============================================================================

Image component sizes


      Code (inc. data)   RO Data    RW Data    ZI Data      Debug   Object Name

       104          4          0          0          0       1020   board_startup.o
       564         76          0         76          0      13547   main.o
        36          8        392          0       1024        836   startup_stm32f303xc.o
       122         16          0          4          0     247724   stm32f3xx_hal.o
       172         14          0          0          0      29214   stm32f3xx_hal_cortex.o
        26          6          0          0          0       1156   stm32f3xx_hal_gpio.o
      2224         56         48          0          0       5085   stm32f3xx_hal_rcc.o
        26          0          0          0          0       4685   stm32f3xx_it.o
       104         22          0         20          0       1141   system_stm32f3xx.o

    ----------------------------------------------------------------------
      3384        202        472        100       1028     304408   Object Totals
         0          0         32          0          0          0   (incl. Generated)
         6          0          0          0          4          0   (incl. Padding)

    ----------------------------------------------------------------------

      Code (inc. data)   RO Data    RW Data    ZI Data      Debug   Library Member Name

         0          0          0          0          0          0   entry.o
         0          0          0          0          0          0   entry10a.o
         0          0          0          0          0          0   entry11a.o
         8          4          0          0          0          0   entry2.o
         4          0          0          0          0          0   entry5.o
         0          0          0          0          0          0   entry7b.o
         0          0          0          0          0          0   entry8b.o
         8          4          0          0          0          0   entry9a.o
        30          0          0          0          0          0   handlers.o
        36          8          0          0          0         68   init.o

    ----------------------------------------------------------------------
        88         16          0          0          0         68   Library Totals
         2          0          0          0          0          0   (incl. Padding)

    ----------------------------------------------------------------------

      Code (inc. data)   RO Data    RW Data    ZI Data      Debug   Library Name

        86         16          0          0          0         68   mc_w.l

    ----------------------------------------------------------------------
        88         16          0          0          0         68   Library Totals

    ----------------------------------------------------------------------

==============================================================================


      Code (inc. data)   RO Data    RW Data    ZI Data      Debug   

      3472        218        472        100       1028     301080   Grand Totals
      3472        218        472        100       1028     301080   ELF Image Totals
      3472        218        472        100          0          0   ROM Totals

==============================================================================

    Total RO  Size (Code + RO Data)                 3944 (   3.85kB)
    Total RW  Size (RW Data + ZI Data)              1128 (   1.10kB)
    Total ROM Size (Code + RO Data + RW Data)       4044 (   3.95kB)

==============================================================================

